------------------------------------------------------------------------------------------------------------------------

[2025-05-13 16:45:46 #1 store] 
Database 'C:\Users\jonru\Desktop\IS1\Rides24-master\src\main\resources\rides.odb' is opened by 16968@DESKTOP-58SPJ4J

[2025-05-13 16:45:46 #2 type] 
Type domain.User is not enhanced.

[2025-05-13 16:45:46 #3 type] 
Type domain.Ride is not enhanced.

[2025-05-13 16:45:46 #4 type] 
Type domain.Room is not enhanced.

[2025-05-13 16:45:46 #5 type] 
Type domain.Activity is not enhanced.

[2025-05-13 16:45:46 #6 type] 
Type domain.Session is not enhanced.

------------------------------------------------------------------------------------------------------------------------

[2025-05-13 16:47:22 #1 store] 
Database 'C:\Users\jonru\Desktop\IS1\Rides24-master\src\main\resources\rides.odb' is opened by 20656@DESKTOP-58SPJ4J

[2025-05-13 16:47:23 #2 type] 
Type domain.User is not enhanced.

[2025-05-13 16:47:23 #3 type] 
Type domain.Ride is not enhanced.

[2025-05-13 16:47:23 #4 type] 
Type domain.Room is not enhanced.

[2025-05-13 16:47:23 #5 type] 
Type domain.Activity is not enhanced.

[2025-05-13 16:47:23 #6 type] 
Type domain.Session is not enhanced.

------------------------------------------------------------------------------------------------------------------------

[2025-05-13 16:50:51 #1 store] 
Database 'C:\Users\jonru\Desktop\IS1\Rides24-master\src\main\resources\rides.odb' is opened by 1184@DESKTOP-58SPJ4J

[2025-05-13 16:50:51 #2 type] 
Type domain.User is not enhanced.

[2025-05-13 16:50:51 #3 type] 
Type domain.Ride is not enhanced.

[2025-05-13 16:50:51 #4 type] 
Type domain.Room is not enhanced.

[2025-05-13 16:50:51 #5 type] 
Type domain.Activity is not enhanced.

[2025-05-13 16:50:51 #6 type] 
Type domain.Session is not enhanced.

------------------------------------------------------------------------------------------------------------------------

[2025-05-13 17:00:07 #1 store] 
Database 'C:\Users\jonru\Desktop\IS1\Rides24-master\src\main\resources\rides.odb' is opened by 1952@DESKTOP-58SPJ4J

[2025-05-13 17:00:07 #2 type] 
Type domain.User is not enhanced.

[2025-05-13 17:00:07 #3 type] 
Type domain.Ride is not enhanced.

[2025-05-13 17:00:07 #4 type] 
Type domain.Room is not enhanced.

[2025-05-13 17:00:07 #5 type] 
Type domain.Activity is not enhanced.

[2025-05-13 17:00:07 #6 type] 
Type domain.Session is not enhanced.

------------------------------------------------------------------------------------------------------------------------

[2025-05-13 17:01:36 #1 store] 
Database 'C:\Users\jonru\Desktop\IS1\Rides24-master\src\main\resources\rides.odb' is opened by 19424@DESKTOP-58SPJ4J

[2025-05-13 17:01:36 #2 type] 
Type domain.User is not enhanced.

[2025-05-13 17:01:36 #3 type] 
Type domain.Ride is not enhanced.

[2025-05-13 17:01:36 #4 type] 
Type domain.Room is not enhanced.

[2025-05-13 17:01:36 #5 type] 
Type domain.Activity is not enhanced.

[2025-05-13 17:01:36 #6 type] 
Type domain.Session is not enhanced.

------------------------------------------------------------------------------------------------------------------------

[2025-05-13 17:07:34 #1 store] 
Database 'C:\Users\jonru\Desktop\IS1\Rides24-master\src\main\resources\rides.odb' is opened by 23692@DESKTOP-58SPJ4J

[2025-05-13 17:07:34 #2 type] 
Type domain.User is not enhanced.

[2025-05-13 17:07:34 #3 type] 
Type domain.Ride is not enhanced.

[2025-05-13 17:07:34 #4 type] 
Type domain.Room is not enhanced.

[2025-05-13 17:07:34 #5 type] 
Type domain.Activity is not enhanced.

[2025-05-13 17:07:34 #6 type] 
Type domain.Session is not enhanced.

------------------------------------------------------------------------------------------------------------------------

[2025-05-13 17:07:46 #1 store] 
Database 'C:\Users\jonru\Desktop\IS1\Rides24-master\src\main\resources\rides.odb' is opened by 11668@DESKTOP-58SPJ4J

[2025-05-13 17:07:46 #2 type] 
Type domain.User is not enhanced.

[2025-05-13 17:07:46 #3 type] 
Type domain.Ride is not enhanced.

[2025-05-13 17:07:46 #4 type] 
Type domain.Room is not enhanced.

[2025-05-13 17:07:46 #5 type] 
Type domain.Activity is not enhanced.

[2025-05-13 17:07:46 #6 type] 
Type domain.Session is not enhanced.

------------------------------------------------------------------------------------------------------------------------

[2025-05-13 17:09:08 #1 store] 
Database 'C:\Users\jonru\Desktop\IS1\Rides24-master\src\main\resources\rides.odb' is opened by 18664@DESKTOP-58SPJ4J

[2025-05-13 17:09:08 #2 type] 
Type domain.User is not enhanced.

[2025-05-13 17:09:08 #3 type] 
Type domain.Ride is not enhanced.

[2025-05-13 17:09:08 #4 type] 
Type domain.Room is not enhanced.

[2025-05-13 17:09:08 #5 type] 
Type domain.Activity is not enhanced.

[2025-05-13 17:09:08 #6 type] 
Type domain.Session is not enhanced.

------------------------------------------------------------------------------------------------------------------------

[2025-05-13 17:12:25 #1 store] 
Database 'C:\Users\jonru\Desktop\IS1\Rides24-master\src\main\resources\rides.odb' is opened by 22612@DESKTOP-58SPJ4J

[2025-05-13 17:12:25 #2 type] 
Type domain.User is not enhanced.

[2025-05-13 17:12:25 #3 type] 
Type domain.Ride is not enhanced.

[2025-05-13 17:12:25 #4 type] 
Type domain.Room is not enhanced.

[2025-05-13 17:12:25 #5 type] 
Type domain.Activity is not enhanced.

[2025-05-13 17:12:25 #6 type] 
Type domain.Session is not enhanced.

------------------------------------------------------------------------------------------------------------------------

[2025-05-13 17:12:35 #1 store] 
Database 'C:\Users\jonru\Desktop\IS1\Rides24-master\src\main\resources\rides.odb' is opened by 18592@DESKTOP-58SPJ4J

[2025-05-13 17:12:35 #2 type] 
Type domain.User is not enhanced.

[2025-05-13 17:12:35 #3 type] 
Type domain.Ride is not enhanced.

[2025-05-13 17:12:35 #4 type] 
Type domain.Room is not enhanced.

[2025-05-13 17:12:35 #5 type] 
Type domain.Activity is not enhanced.

[2025-05-13 17:12:35 #6 type] 
Type domain.Session is not enhanced.

------------------------------------------------------------------------------------------------------------------------

[2025-05-13 17:15:36 #1 store] 
Database 'C:\Users\jonru\Desktop\IS1\Rides24-master\src\main\resources\rides.odb' has been recovered (tr. 16-16)

[2025-05-13 17:15:36 #2 store] 
Database 'C:\Users\jonru\Desktop\IS1\Rides24-master\src\main\resources\rides.odb' is opened by 2516@DESKTOP-58SPJ4J

[2025-05-13 17:15:36 #3 type] 
Type domain.User is not enhanced.

[2025-05-13 17:15:36 #4 type] 
Type domain.Ride is not enhanced.

[2025-05-13 17:15:36 #5 type] 
Type domain.Room is not enhanced.

[2025-05-13 17:15:36 #6 type] 
Type domain.Activity is not enhanced.

[2025-05-13 17:15:36 #7 type] 
Type domain.Session is not enhanced.

------------------------------------------------------------------------------------------------------------------------

[2025-05-13 17:16:38 #1 store] 
Database 'C:\Users\jonru\Desktop\IS1\Rides24-master\src\main\resources\rides.odb' is opened by 11056@DESKTOP-58SPJ4J

[2025-05-13 17:16:38 #2 type] 
Type domain.User is not enhanced.

[2025-05-13 17:16:38 #3 type] 
Type domain.Ride is not enhanced.

[2025-05-13 17:16:38 #4 type] 
Type domain.Room is not enhanced.

[2025-05-13 17:16:38 #5 type] 
Type domain.Activity is not enhanced.

[2025-05-13 17:16:38 #6 type] 
Type domain.Session is not enhanced.

------------------------------------------------------------------------------------------------------------------------

[2025-05-13 17:21:28 #1 store] 
Database 'C:\Users\jonru\Desktop\IS1\Rides24-master\src\main\resources\rides.odb' is opened by 9464@DESKTOP-58SPJ4J

[2025-05-13 17:21:28 #2 type] 
Type domain.User is not enhanced.

[2025-05-13 17:21:28 #3 type] 
Type domain.Ride is not enhanced.

[2025-05-13 17:21:28 #4 type] 
Type domain.Room is not enhanced.

[2025-05-13 17:21:28 #5 type] 
Type domain.Activity is not enhanced.

[2025-05-13 17:21:28 #6 type] 
Type domain.Session is not enhanced.

------------------------------------------------------------------------------------------------------------------------

[2025-05-13 17:58:10 #1 store] 
Database 'C:\Users\jonru\Desktop\IS1\Rides24-master\src\main\resources\rides.odb' is opened by 10152@DESKTOP-58SPJ4J

[2025-05-13 17:58:10 #2 type] 
Type domain.User is not enhanced.

[2025-05-13 17:58:10 #3 type] 
Type domain.Ride is not enhanced.

[2025-05-13 17:58:10 #4 type] 
Type domain.Room is not enhanced.

[2025-05-13 17:58:10 #5 type] 
Type domain.Activity is not enhanced.

[2025-05-13 17:58:10 #6 type] 
Type domain.Session is not enhanced.

------------------------------------------------------------------------------------------------------------------------

[2025-05-13 18:02:36 #1 store] 
Database 'C:\Users\jonru\Desktop\IS1\Rides24-master\src\main\resources\rides.odb' is opened by 9144@DESKTOP-58SPJ4J

[2025-05-13 18:02:36 #2 type] 
Type domain.User is not enhanced.

[2025-05-13 18:02:36 #3 type] 
Type domain.Ride is not enhanced.

[2025-05-13 18:02:36 #4 type] 
Type domain.Room is not enhanced.

[2025-05-13 18:02:36 #5 type] 
Type domain.Activity is not enhanced.

[2025-05-13 18:02:36 #6 type] 
Type domain.Session is not enhanced.

------------------------------------------------------------------------------------------------------------------------

[2025-05-13 18:03:57 #1 store] 
Database 'C:\Users\jonru\Desktop\IS1\Rides24-master\src\main\resources\rides.odb' is opened by 16416@DESKTOP-58SPJ4J

[2025-05-13 18:03:57 #2 type] 
Type domain.User is not enhanced.

[2025-05-13 18:03:57 #3 type] 
Type domain.Ride is not enhanced.

[2025-05-13 18:03:57 #4 type] 
Type domain.Room is not enhanced.

[2025-05-13 18:03:57 #5 type] 
Type domain.Activity is not enhanced.

[2025-05-13 18:03:57 #6 type] 
Type domain.Session is not enhanced.

------------------------------------------------------------------------------------------------------------------------

[2025-05-13 18:05:28 #1 store] 
Database 'C:\Users\jonru\Desktop\IS1\Rides24-master\src\main\resources\rides.odb' is opened by 17288@DESKTOP-58SPJ4J

[2025-05-13 18:05:28 #2 type] 
Type domain.User is not enhanced.

[2025-05-13 18:05:28 #3 type] 
Type domain.Ride is not enhanced.

[2025-05-13 18:05:28 #4 type] 
Type domain.Room is not enhanced.

[2025-05-13 18:05:28 #5 type] 
Type domain.Activity is not enhanced.

[2025-05-13 18:05:28 #6 type] 
Type domain.Session is not enhanced.

------------------------------------------------------------------------------------------------------------------------

[2025-05-13 18:07:37 #1 store] 
Database 'C:\Users\jonru\Desktop\IS1\Rides24-master\src\main\resources\rides.odb' is opened by 24008@DESKTOP-58SPJ4J

[2025-05-13 18:07:37 #2 type] 
Type domain.User is not enhanced.

[2025-05-13 18:07:37 #3 type] 
Type domain.Ride is not enhanced.

[2025-05-13 18:07:37 #4 type] 
Type domain.Room is not enhanced.

[2025-05-13 18:07:37 #5 type] 
Type domain.Activity is not enhanced.

[2025-05-13 18:07:37 #6 type] 
Type domain.Session is not enhanced.

------------------------------------------------------------------------------------------------------------------------

[2025-05-13 18:14:21 #1 store] 
Database 'C:\Users\jonru\Desktop\IS1\Rides24-master\src\main\resources\rides.odb' is opened by 13908@DESKTOP-58SPJ4J

[2025-05-13 18:14:21 #2 type] 
Type domain.User is not enhanced.

[2025-05-13 18:14:21 #3 type] 
Type domain.Ride is not enhanced.

[2025-05-13 18:14:21 #4 type] 
Type domain.Room is not enhanced.

[2025-05-13 18:14:21 #5 type] 
Type domain.Activity is not enhanced.

[2025-05-13 18:14:21 #6 type] 
Type domain.Session is not enhanced.

------------------------------------------------------------------------------------------------------------------------

[2025-05-13 18:16:22 #1 store] 
Database 'C:\Users\jonru\Desktop\IS1\Rides24-master\src\main\resources\rides.odb' is opened by 21540@DESKTOP-58SPJ4J

[2025-05-13 18:16:22 #2 type] 
Type domain.User is not enhanced.

[2025-05-13 18:16:22 #3 type] 
Type domain.Ride is not enhanced.

[2025-05-13 18:16:22 #4 type] 
Type domain.Room is not enhanced.

[2025-05-13 18:16:22 #5 type] 
Type domain.Activity is not enhanced.

[2025-05-13 18:16:22 #6 type] 
Type domain.Session is not enhanced.

------------------------------------------------------------------------------------------------------------------------

[2025-05-13 18:17:40 #1 store] 
Database 'C:\Users\jonru\Desktop\IS1\Rides24-master\src\main\resources\rides.odb' is opened by 22728@DESKTOP-58SPJ4J

[2025-05-13 18:17:40 #2 type] 
Type domain.User is not enhanced.

[2025-05-13 18:17:40 #3 type] 
Type domain.Ride is not enhanced.

[2025-05-13 18:17:40 #4 type] 
Type domain.Room is not enhanced.

[2025-05-13 18:17:40 #5 type] 
Type domain.Activity is not enhanced.

[2025-05-13 18:17:40 #6 type] 
Type domain.Session is not enhanced.

------------------------------------------------------------------------------------------------------------------------

[2025-05-13 18:18:05 #1 store] 
Database 'C:\Users\jonru\Desktop\IS1\Rides24-master\src\main\resources\rides.odb' is opened by 12376@DESKTOP-58SPJ4J

[2025-05-13 18:18:05 #2 type] 
Type domain.User is not enhanced.

[2025-05-13 18:18:05 #3 type] 
Type domain.Ride is not enhanced.

[2025-05-13 18:18:05 #4 type] 
Type domain.Room is not enhanced.

[2025-05-13 18:18:05 #5 type] 
Type domain.Activity is not enhanced.

[2025-05-13 18:18:05 #6 type] 
Type domain.Session is not enhanced.

------------------------------------------------------------------------------------------------------------------------

[2025-05-13 18:19:29 #1 store] 
Database 'C:\Users\jonru\Desktop\IS1\Rides24-master\src\main\resources\rides.odb' is opened by 496@DESKTOP-58SPJ4J

[2025-05-13 18:19:30 #2 type] 
Type domain.User is not enhanced.

[2025-05-13 18:19:30 #3 type] 
Type domain.Ride is not enhanced.

[2025-05-13 18:19:30 #4 type] 
Type domain.Room is not enhanced.

[2025-05-13 18:19:30 #5 type] 
Type domain.Activity is not enhanced.

[2025-05-13 18:19:30 #6 type] 
Type domain.Session is not enhanced.

------------------------------------------------------------------------------------------------------------------------

[2025-05-13 18:21:59 #1 store] 
Database 'C:\Users\jonru\Desktop\IS1\Rides24-master\src\main\resources\rides.odb' is opened by 13036@DESKTOP-58SPJ4J

[2025-05-13 18:21:59 #2 type] 
Type domain.User is not enhanced.

[2025-05-13 18:21:59 #3 type] 
Type domain.Ride is not enhanced.

[2025-05-13 18:21:59 #4 type] 
Type domain.Room is not enhanced.

[2025-05-13 18:21:59 #5 type] 
Type domain.Activity is not enhanced.

[2025-05-13 18:21:59 #6 type] 
Type domain.Session is not enhanced.

------------------------------------------------------------------------------------------------------------------------

[2025-05-13 18:26:38 #1 store] 
Database 'C:\Users\jonru\Desktop\IS1\Rides24-master\src\main\resources\rides.odb' is opened by 9416@DESKTOP-58SPJ4J

[2025-05-13 18:26:39 #2 type] 
Type domain.User is not enhanced.

[2025-05-13 18:26:39 #3 type] 
Type domain.Ride is not enhanced.

[2025-05-13 18:26:39 #4 type] 
Type domain.Room is not enhanced.

[2025-05-13 18:26:39 #5 type] 
Type domain.Activity is not enhanced.

[2025-05-13 18:26:39 #6 type] 
Type domain.Session is not enhanced.

[2025-05-13 18:26:45 #7 type.registry] 
New type domain.Booking

[2025-05-13 18:26:45 #8 type] 
Type domain.Booking is not enhanced.

