------------------------------------------------------------------------------------------------------------------------

[2025-03-05 13:47:19 #1 store] 
Database 'C:\Users\jonru\Desktop\IS1\Rides24-master\src\main\resources\rides.odb' is opened by 1692@DESKTOP-58SPJ4J

[2025-03-05 13:47:26 #2 type.registry] 
New type domain.User

[2025-03-05 13:47:26 #3 type] 
Type domain.User is not enhanced.

[2025-03-05 13:47:26 #4 type.registry] 
New type domain.Ride

[2025-03-05 13:47:26 #5 type] 
Type domain.Ride is not enhanced.

[2025-03-05 13:47:26 #6 type.registry] 
New type java.util.Vector<java.lang.Object>

[2025-03-05 13:47:26 #7 type.registry] 
New type java.util.Vector<domain.Ride>

------------------------------------------------------------------------------------------------------------------------

[2025-03-05 13:50:10 #1 store] 
Database 'C:\Users\jonru\Desktop\IS1\Rides24-master\src\main\resources\rides.odb' is opened by 14660@DESKTOP-58SPJ4J

[2025-03-05 13:50:14 #2 type.registry] 
New type domain.User

[2025-03-05 13:50:14 #3 type] 
Type domain.User is not enhanced.

[2025-03-05 13:50:14 #4 type.registry] 
New type domain.Ride

[2025-03-05 13:50:14 #5 type] 
Type domain.Ride is not enhanced.

[2025-03-05 13:50:14 #6 type.registry] 
New type java.util.Vector<java.lang.Object>

[2025-03-05 13:50:14 #7 type.registry] 
New type java.util.Vector<domain.Ride>

------------------------------------------------------------------------------------------------------------------------

[2025-03-05 14:32:33 #1 store] 
Database 'C:\Users\jonru\Desktop\IS1\Rides24-master\src\main\resources\rides.odb' has been recovered (tr. 1-7)

[2025-03-05 14:32:33 #2 store] 
Database 'C:\Users\jonru\Desktop\IS1\Rides24-master\src\main\resources\rides.odb' is opened by 2992@DESKTOP-58SPJ4J

[2025-03-05 14:32:33 #3 type] 
Type domain.User is not enhanced.

[2025-03-05 14:32:33 #4 type] 
Type domain.Ride is not enhanced.

------------------------------------------------------------------------------------------------------------------------

[2025-03-05 14:32:47 #1 store] 
Database 'C:\Users\jonru\Desktop\IS1\Rides24-master\src\main\resources\rides.odb' is opened by 16848@DESKTOP-58SPJ4J

[2025-03-05 14:32:48 #2 type] 
Type domain.User is not enhanced.

[2025-03-05 14:32:48 #3 type] 
Type domain.Ride is not enhanced.

------------------------------------------------------------------------------------------------------------------------

[2025-03-05 14:36:36 #1 store] 
Database 'C:\Users\jonru\Desktop\IS1\Rides24-master\src\main\resources\rides.odb' is opened by 15852@DESKTOP-58SPJ4J

[2025-03-05 14:36:36 #2 type] 
Type domain.User is not enhanced.

[2025-03-05 14:36:36 #3 type] 
Type domain.Ride is not enhanced.

------------------------------------------------------------------------------------------------------------------------

[2025-03-05 15:07:42 #1 store] 
Database 'C:\Users\jonru\Desktop\IS1\Rides24-master\src\main\resources\rides.odb' is opened by 21320@DESKTOP-58SPJ4J

[2025-03-05 15:07:42 #2 type] 
Type domain.User is not enhanced.

[2025-03-05 15:07:42 #3 type] 
Type domain.Ride is not enhanced.

------------------------------------------------------------------------------------------------------------------------

[2025-03-05 23:39:21 #1 store] 
Database 'C:\Users\jonru\Desktop\IS1\Rides24-master\src\main\resources\rides.odb' has been recovered (tr. 8-8)

[2025-03-05 23:39:21 #2 store] 
Database 'C:\Users\jonru\Desktop\IS1\Rides24-master\src\main\resources\rides.odb' is opened by 17548@DESKTOP-58SPJ4J

[2025-03-05 23:39:21 #3 type] 
Type domain.User is not enhanced.

[2025-03-05 23:39:21 #4 type] 
Type domain.Ride is not enhanced.

------------------------------------------------------------------------------------------------------------------------

[2025-03-05 23:46:12 #1 store] 
Database 'C:\Users\jonru\Desktop\IS1\Rides24-master\src\main\resources\rides.odb' is opened by 12100@DESKTOP-58SPJ4J

[2025-03-05 23:46:12 #2 type] 
Type domain.User is not enhanced.

[2025-03-05 23:46:12 #3 type] 
Type domain.Ride is not enhanced.

------------------------------------------------------------------------------------------------------------------------

[2025-03-05 23:46:34 #1 store] 
Database 'C:\Users\jonru\Desktop\IS1\Rides24-master\src\main\resources\rides.odb' is opened by 3548@DESKTOP-58SPJ4J

[2025-03-05 23:46:34 #2 type] 
Type domain.User is not enhanced.

[2025-03-05 23:46:34 #3 type] 
Type domain.Ride is not enhanced.

------------------------------------------------------------------------------------------------------------------------

[2025-03-05 23:56:04 #1 store] 
Database 'C:\Users\jonru\Desktop\IS1\Rides24-master\src\main\resources\rides.odb' is opened by 20748@DESKTOP-58SPJ4J

[2025-03-05 23:56:04 #2 type] 
Type domain.User is not enhanced.

[2025-03-05 23:56:04 #3 type] 
Type domain.Ride is not enhanced.

------------------------------------------------------------------------------------------------------------------------

[2025-03-05 23:57:56 #1 store] 
Database 'C:\Users\jonru\Desktop\IS1\Rides24-master\src\main\resources\rides.odb' is opened by 2788@DESKTOP-58SPJ4J

[2025-03-05 23:57:56 #2 type] 
Type domain.User is not enhanced.

[2025-03-05 23:57:56 #3 type] 
Type domain.Ride is not enhanced.

