------------------------------------------------------------------------------------------------------------------------

[2025-05-15 10:16:49 #1 store] 
Database 'C:\Users\jonru\Desktop\IS1\Rides24-master\src\main\resources\rides.odb' is opened by 9564@DESKTOP-58SPJ4J

[2025-05-15 10:16:49 #2 type] 
Type domain.User is not enhanced.

[2025-05-15 10:16:49 #3 type] 
Type domain.Ride is not enhanced.

[2025-05-15 10:16:49 #4 type] 
Type domain.Room is not enhanced.

[2025-05-15 10:16:49 #5 type] 
Type domain.Activity is not enhanced.

[2025-05-15 10:16:49 #6 type] 
Type domain.Session is not enhanced.

[2025-05-15 10:16:49 #7 type] 
Type domain.Booking is not enhanced.

------------------------------------------------------------------------------------------------------------------------

[2025-05-15 10:18:31 #1 store] 
Database 'C:\Users\jonru\Desktop\IS1\Rides24-master\src\main\resources\rides.odb' is opened by 12304@DESKTOP-58SPJ4J

[2025-05-15 10:18:31 #2 type] 
Type domain.User is not enhanced.

[2025-05-15 10:18:31 #3 type] 
Type domain.Ride is not enhanced.

[2025-05-15 10:18:31 #4 type] 
Type domain.Room is not enhanced.

[2025-05-15 10:18:31 #5 type] 
Type domain.Activity is not enhanced.

[2025-05-15 10:18:31 #6 type] 
Type domain.Session is not enhanced.

[2025-05-15 10:18:31 #7 type] 
Type domain.Booking is not enhanced.

------------------------------------------------------------------------------------------------------------------------

[2025-05-15 10:19:32 #1 store] 
Database 'C:\Users\jonru\Desktop\IS1\Rides24-master\src\main\resources\rides.odb' is opened by 11028@DESKTOP-58SPJ4J

[2025-05-15 10:19:32 #2 type] 
Type domain.User is not enhanced.

[2025-05-15 10:19:32 #3 type] 
Type domain.Ride is not enhanced.

[2025-05-15 10:19:32 #4 type] 
Type domain.Room is not enhanced.

[2025-05-15 10:19:32 #5 type] 
Type domain.Activity is not enhanced.

[2025-05-15 10:19:32 #6 type] 
Type domain.Session is not enhanced.

[2025-05-15 10:19:32 #7 type] 
Type domain.Booking is not enhanced.

------------------------------------------------------------------------------------------------------------------------

[2025-05-15 10:20:52 #1 store] 
Database 'C:\Users\jonru\Desktop\IS1\Rides24-master\src\main\resources\rides.odb' is opened by 9396@DESKTOP-58SPJ4J

[2025-05-15 10:20:52 #2 type] 
Type domain.User is not enhanced.

[2025-05-15 10:20:52 #3 type] 
Type domain.Ride is not enhanced.

[2025-05-15 10:20:52 #4 type] 
Type domain.Room is not enhanced.

[2025-05-15 10:20:52 #5 type] 
Type domain.Activity is not enhanced.

[2025-05-15 10:20:52 #6 type] 
Type domain.Session is not enhanced.

[2025-05-15 10:20:52 #7 type] 
Type domain.Booking is not enhanced.

------------------------------------------------------------------------------------------------------------------------

[2025-05-15 10:21:45 #1 store] 
Database 'C:\Users\jonru\Desktop\IS1\Rides24-master\src\main\resources\rides.odb' is opened by 8784@DESKTOP-58SPJ4J

[2025-05-15 10:21:45 #2 type] 
Type domain.User is not enhanced.

[2025-05-15 10:21:45 #3 type] 
Type domain.Ride is not enhanced.

[2025-05-15 10:21:45 #4 type] 
Type domain.Room is not enhanced.

[2025-05-15 10:21:45 #5 type] 
Type domain.Activity is not enhanced.

[2025-05-15 10:21:45 #6 type] 
Type domain.Session is not enhanced.

[2025-05-15 10:21:45 #7 type] 
Type domain.Booking is not enhanced.

------------------------------------------------------------------------------------------------------------------------

[2025-05-15 10:23:01 #1 store] 
Database 'C:\Users\jonru\Desktop\IS1\Rides24-master\src\main\resources\rides.odb' is opened by 15616@DESKTOP-58SPJ4J

[2025-05-15 10:23:01 #2 type] 
Type domain.User is not enhanced.

[2025-05-15 10:23:01 #3 type] 
Type domain.Ride is not enhanced.

[2025-05-15 10:23:01 #4 type] 
Type domain.Room is not enhanced.

[2025-05-15 10:23:01 #5 type] 
Type domain.Activity is not enhanced.

[2025-05-15 10:23:01 #6 type] 
Type domain.Session is not enhanced.

[2025-05-15 10:23:01 #7 type] 
Type domain.Booking is not enhanced.

------------------------------------------------------------------------------------------------------------------------

[2025-05-15 10:25:29 #1 store] 
Database 'C:\Users\jonru\Desktop\IS1\Rides24-master\src\main\resources\rides.odb' is opened by 6328@DESKTOP-58SPJ4J

[2025-05-15 10:25:29 #2 type] 
Type domain.User is not enhanced.

[2025-05-15 10:25:29 #3 type] 
Type domain.Ride is not enhanced.

[2025-05-15 10:25:29 #4 type] 
Type domain.Room is not enhanced.

[2025-05-15 10:25:29 #5 type] 
Type domain.Activity is not enhanced.

[2025-05-15 10:25:29 #6 type] 
Type domain.Session is not enhanced.

[2025-05-15 10:25:29 #7 type] 
Type domain.Booking is not enhanced.

------------------------------------------------------------------------------------------------------------------------

[2025-05-15 10:26:51 #1 store] 
Database 'C:\Users\jonru\Desktop\IS1\Rides24-master\src\main\resources\rides.odb' is opened by 17020@DESKTOP-58SPJ4J

[2025-05-15 10:26:51 #2 type] 
Type domain.User is not enhanced.

[2025-05-15 10:26:51 #3 type] 
Type domain.Ride is not enhanced.

[2025-05-15 10:26:51 #4 type] 
Type domain.Room is not enhanced.

[2025-05-15 10:26:51 #5 type] 
Type domain.Activity is not enhanced.

[2025-05-15 10:26:51 #6 type] 
Type domain.Session is not enhanced.

[2025-05-15 10:26:51 #7 type] 
Type domain.Booking is not enhanced.

------------------------------------------------------------------------------------------------------------------------

[2025-05-15 10:29:38 #1 store] 
Database 'C:\Users\jonru\Desktop\IS1\Rides24-master\src\main\resources\rides.odb' is opened by 23960@DESKTOP-58SPJ4J

[2025-05-15 10:29:38 #2 type] 
Type domain.User is not enhanced.

[2025-05-15 10:29:38 #3 type] 
Type domain.Ride is not enhanced.

[2025-05-15 10:29:38 #4 type] 
Type domain.Room is not enhanced.

[2025-05-15 10:29:38 #5 type] 
Type domain.Activity is not enhanced.

[2025-05-15 10:29:38 #6 type] 
Type domain.Session is not enhanced.

[2025-05-15 10:29:38 #7 type] 
Type domain.Booking is not enhanced.

------------------------------------------------------------------------------------------------------------------------

[2025-05-15 10:35:29 #1 store] 
Database 'C:\Users\jonru\Desktop\IS1\Rides24-master\src\main\resources\rides.odb' is opened by 22468@DESKTOP-58SPJ4J

[2025-05-15 10:35:29 #2 type] 
Type domain.User is not enhanced.

[2025-05-15 10:35:29 #3 type] 
Type domain.Ride is not enhanced.

[2025-05-15 10:35:29 #4 type] 
Type domain.Room is not enhanced.

[2025-05-15 10:35:29 #5 type] 
Type domain.Activity is not enhanced.

[2025-05-15 10:35:29 #6 type] 
Type domain.Session is not enhanced.

[2025-05-15 10:35:34 #7 type.registry] 
New type domain.Booking

[2025-05-15 10:35:34 #8 type] 
Type domain.Booking is not enhanced.

------------------------------------------------------------------------------------------------------------------------

[2025-05-15 10:35:57 #1 store] 
Database 'C:\Users\jonru\Desktop\IS1\Rides24-master\src\main\resources\rides.odb' has been recovered (tr. 22-24)

[2025-05-15 10:35:57 #2 store] 
Database 'C:\Users\jonru\Desktop\IS1\Rides24-master\src\main\resources\rides.odb' is opened by 17216@DESKTOP-58SPJ4J

[2025-05-15 10:35:57 #3 type] 
Type domain.User is not enhanced.

[2025-05-15 10:35:57 #4 type] 
Type domain.Ride is not enhanced.

[2025-05-15 10:35:57 #5 type] 
Type domain.Room is not enhanced.

[2025-05-15 10:35:57 #6 type] 
Type domain.Activity is not enhanced.

[2025-05-15 10:35:57 #7 type] 
Type domain.Session is not enhanced.

[2025-05-15 10:35:57 #8 type] 
Type domain.Booking is not enhanced.

------------------------------------------------------------------------------------------------------------------------

[2025-05-15 11:00:10 #1 store] 
Database 'C:\Users\jonru\Desktop\IS1\Rides24-master\src\main\resources\rides.odb' is opened by 20108@DESKTOP-58SPJ4J

[2025-05-15 11:00:10 #2 type] 
Type domain.User is not enhanced.

[2025-05-15 11:00:10 #3 type] 
Type domain.Ride is not enhanced.

[2025-05-15 11:00:10 #4 type] 
Type domain.Room is not enhanced.

[2025-05-15 11:00:10 #5 type] 
Type domain.Activity is not enhanced.

[2025-05-15 11:00:10 #6 type] 
Type domain.Session is not enhanced.

[2025-05-15 11:00:17 #7 type.registry] 
New type domain.Booking

[2025-05-15 11:00:17 #8 type] 
Type domain.Booking is not enhanced.

------------------------------------------------------------------------------------------------------------------------

[2025-05-15 11:03:28 #1 store] 
Database 'C:\Users\jonru\Desktop\IS1\Rides24-master\src\main\resources\rides.odb' is opened by 14640@DESKTOP-58SPJ4J

[2025-05-15 11:03:28 #2 type] 
Type domain.User is not enhanced.

[2025-05-15 11:03:28 #3 type] 
Type domain.Ride is not enhanced.

[2025-05-15 11:03:28 #4 type] 
Type domain.Room is not enhanced.

[2025-05-15 11:03:28 #5 type] 
Type domain.Activity is not enhanced.

[2025-05-15 11:03:28 #6 type] 
Type domain.Session is not enhanced.

[2025-05-15 11:03:43 #7 type.registry] 
New type domain.Booking

[2025-05-15 11:03:43 #8 type] 
Type domain.Booking is not enhanced.

------------------------------------------------------------------------------------------------------------------------

[2025-05-15 11:05:47 #1 store] 
Database 'C:\Users\jonru\Desktop\IS1\Rides24-master\src\main\resources\rides.odb' is opened by 25316@DESKTOP-58SPJ4J

[2025-05-15 11:05:47 #2 type] 
Type domain.User is not enhanced.

[2025-05-15 11:05:47 #3 type] 
Type domain.Ride is not enhanced.

[2025-05-15 11:05:47 #4 type] 
Type domain.Room is not enhanced.

[2025-05-15 11:05:47 #5 type] 
Type domain.Activity is not enhanced.

[2025-05-15 11:05:47 #6 type] 
Type domain.Session is not enhanced.

[2025-05-15 11:05:53 #7 type.registry] 
New type domain.Booking

[2025-05-15 11:05:53 #8 type] 
Type domain.Booking is not enhanced.

------------------------------------------------------------------------------------------------------------------------

[2025-05-15 11:06:18 #1 store] 
Database 'C:\Users\jonru\Desktop\IS1\Rides24-master\src\main\resources\rides.odb' has been recovered (tr. 30-31)

[2025-05-15 11:06:18 #2 store] 
Database 'C:\Users\jonru\Desktop\IS1\Rides24-master\src\main\resources\rides.odb' is opened by 10608@DESKTOP-58SPJ4J

[2025-05-15 11:06:19 #3 type] 
Type domain.User is not enhanced.

[2025-05-15 11:06:19 #4 type] 
Type domain.Ride is not enhanced.

[2025-05-15 11:06:19 #5 type] 
Type domain.Room is not enhanced.

[2025-05-15 11:06:19 #6 type] 
Type domain.Activity is not enhanced.

[2025-05-15 11:06:19 #7 type] 
Type domain.Session is not enhanced.

[2025-05-15 11:06:19 #8 type] 
Type domain.Booking is not enhanced.

------------------------------------------------------------------------------------------------------------------------

[2025-05-15 11:12:29 #1 store] 
Database 'C:\Users\jonru\Desktop\IS1\Rides24-master\src\main\resources\rides.odb' is opened by 1768@DESKTOP-58SPJ4J

[2025-05-15 11:12:29 #2 type] 
Type domain.User is not enhanced.

[2025-05-15 11:12:29 #3 type] 
Type domain.Ride is not enhanced.

[2025-05-15 11:12:29 #4 type] 
Type domain.Room is not enhanced.

[2025-05-15 11:12:29 #5 type] 
Type domain.Activity is not enhanced.

[2025-05-15 11:12:29 #6 type] 
Type domain.Session is not enhanced.

[2025-05-15 11:12:29 #7 type] 
Type domain.Booking is not enhanced.

------------------------------------------------------------------------------------------------------------------------

[2025-05-15 11:15:47 #1 store] 
Database 'C:\Users\jonru\Desktop\IS1\Rides24-master\src\main\resources\rides.odb' is opened by 21900@DESKTOP-58SPJ4J

[2025-05-15 11:15:47 #2 type] 
Type domain.User is not enhanced.

[2025-05-15 11:15:47 #3 type] 
Type domain.Ride is not enhanced.

[2025-05-15 11:15:47 #4 type] 
Type domain.Room is not enhanced.

[2025-05-15 11:15:47 #5 type] 
Type domain.Activity is not enhanced.

[2025-05-15 11:15:47 #6 type] 
Type domain.Session is not enhanced.

[2025-05-15 11:15:53 #7 type.registry] 
New type domain.Booking

[2025-05-15 11:15:53 #8 type] 
Type domain.Booking is not enhanced.

------------------------------------------------------------------------------------------------------------------------

[2025-05-15 11:16:03 #1 store] 
Database 'C:\Users\jonru\Desktop\IS1\Rides24-master\src\main\resources\rides.odb' has been recovered (tr. 33-35)

[2025-05-15 11:16:03 #2 store] 
Database 'C:\Users\jonru\Desktop\IS1\Rides24-master\src\main\resources\rides.odb' is opened by 12472@DESKTOP-58SPJ4J

[2025-05-15 11:16:03 #3 type] 
Type domain.User is not enhanced.

[2025-05-15 11:16:03 #4 type] 
Type domain.Ride is not enhanced.

[2025-05-15 11:16:03 #5 type] 
Type domain.Room is not enhanced.

[2025-05-15 11:16:03 #6 type] 
Type domain.Activity is not enhanced.

[2025-05-15 11:16:03 #7 type] 
Type domain.Session is not enhanced.

[2025-05-15 11:16:03 #8 type] 
Type domain.Booking is not enhanced.

------------------------------------------------------------------------------------------------------------------------

[2025-05-15 11:20:38 #1 store] 
Database 'C:\Users\jonru\Desktop\IS1\Rides24-master\src\main\resources\rides.odb' is opened by 8348@DESKTOP-58SPJ4J

[2025-05-15 11:20:38 #2 type] 
Type domain.User is not enhanced.

[2025-05-15 11:20:38 #3 type] 
Type domain.Ride is not enhanced.

[2025-05-15 11:20:38 #4 type] 
Type domain.Room is not enhanced.

[2025-05-15 11:20:38 #5 type] 
Type domain.Activity is not enhanced.

[2025-05-15 11:20:38 #6 type] 
Type domain.Session is not enhanced.

[2025-05-15 11:20:38 #7 type] 
Type domain.Booking is not enhanced.

------------------------------------------------------------------------------------------------------------------------

[2025-05-15 11:21:04 #1 store] 
Database 'C:\Users\jonru\Desktop\IS1\Rides24-master\src\main\resources\rides.odb' is opened by 15772@DESKTOP-58SPJ4J

[2025-05-15 11:21:04 #2 type] 
Type domain.User is not enhanced.

[2025-05-15 11:21:04 #3 type] 
Type domain.Ride is not enhanced.

[2025-05-15 11:21:04 #4 type] 
Type domain.Room is not enhanced.

[2025-05-15 11:21:04 #5 type] 
Type domain.Activity is not enhanced.

[2025-05-15 11:21:04 #6 type] 
Type domain.Session is not enhanced.

[2025-05-15 11:21:04 #7 type] 
Type domain.Booking is not enhanced.

------------------------------------------------------------------------------------------------------------------------

[2025-05-15 11:21:48 #1 store] 
Database 'C:\Users\jonru\Desktop\IS1\Rides24-master\src\main\resources\rides.odb' is opened by 12936@DESKTOP-58SPJ4J

[2025-05-15 11:21:48 #2 type] 
Type domain.User is not enhanced.

[2025-05-15 11:21:48 #3 type] 
Type domain.Ride is not enhanced.

[2025-05-15 11:21:48 #4 type] 
Type domain.Room is not enhanced.

[2025-05-15 11:21:48 #5 type] 
Type domain.Activity is not enhanced.

[2025-05-15 11:21:48 #6 type] 
Type domain.Session is not enhanced.

[2025-05-15 11:21:48 #7 type] 
Type domain.Booking is not enhanced.

------------------------------------------------------------------------------------------------------------------------

[2025-05-15 11:23:05 #1 store] 
Database 'C:\Users\jonru\Desktop\IS1\Rides24-master\src\main\resources\rides.odb' is opened by 13568@DESKTOP-58SPJ4J

[2025-05-15 11:23:05 #2 type] 
Type domain.User is not enhanced.

[2025-05-15 11:23:06 #3 type] 
Type domain.Ride is not enhanced.

[2025-05-15 11:23:06 #4 type] 
Type domain.Room is not enhanced.

[2025-05-15 11:23:06 #5 type] 
Type domain.Activity is not enhanced.

[2025-05-15 11:23:06 #6 type] 
Type domain.Session is not enhanced.

[2025-05-15 11:23:10 #7 type.registry] 
New type domain.Booking

[2025-05-15 11:23:10 #8 type] 
Type domain.Booking is not enhanced.

------------------------------------------------------------------------------------------------------------------------

[2025-05-15 11:44:30 #1 store] 
Database 'C:\Users\jonru\Desktop\IS1\Rides24-master\src\main\resources\rides.odb' has been recovered (tr. 39-40)

[2025-05-15 11:44:30 #2 store] 
Database 'C:\Users\jonru\Desktop\IS1\Rides24-master\src\main\resources\rides.odb' is opened by 19256@DESKTOP-58SPJ4J

[2025-05-15 11:44:30 #3 type] 
Type domain.User is not enhanced.

[2025-05-15 11:44:30 #4 type] 
Type domain.Ride is not enhanced.

[2025-05-15 11:44:30 #5 type] 
Type domain.Room is not enhanced.

[2025-05-15 11:44:30 #6 type] 
Type domain.Activity is not enhanced.

[2025-05-15 11:44:30 #7 type] 
Type domain.Session is not enhanced.

[2025-05-15 11:44:30 #8 type] 
Type domain.Booking is not enhanced.

------------------------------------------------------------------------------------------------------------------------

[2025-05-15 11:46:55 #1 store] 
Database 'C:\Users\jonru\Desktop\IS1\Rides24-master\src\main\resources\rides.odb' is opened by 4508@DESKTOP-58SPJ4J

[2025-05-15 11:46:56 #2 type] 
Type domain.User is not enhanced.

[2025-05-15 11:46:56 #3 type] 
Type domain.Ride is not enhanced.

[2025-05-15 11:46:56 #4 type] 
Type domain.Room is not enhanced.

[2025-05-15 11:46:56 #5 type] 
Type domain.Activity is not enhanced.

[2025-05-15 11:46:56 #6 type] 
Type domain.Session is not enhanced.

[2025-05-15 11:46:56 #7 type] 
Type domain.Booking is not enhanced.

------------------------------------------------------------------------------------------------------------------------

[2025-05-15 11:48:25 #1 store] 
Database 'C:\Users\jonru\Desktop\IS1\Rides24-master\src\main\resources\rides.odb' is opened by 1680@DESKTOP-58SPJ4J

[2025-05-15 11:48:25 #2 type] 
Type domain.User is not enhanced.

[2025-05-15 11:48:25 #3 type] 
Type domain.Ride is not enhanced.

[2025-05-15 11:48:25 #4 type] 
Type domain.Room is not enhanced.

[2025-05-15 11:48:25 #5 type] 
Type domain.Activity is not enhanced.

[2025-05-15 11:48:25 #6 type] 
Type domain.Session is not enhanced.

[2025-05-15 11:48:25 #7 type] 
Type domain.Booking is not enhanced.

------------------------------------------------------------------------------------------------------------------------

[2025-05-15 11:48:56 #1 store] 
Database 'C:\Users\jonru\Desktop\IS1\Rides24-master\src\main\resources\rides.odb' is opened by 13732@DESKTOP-58SPJ4J

[2025-05-15 11:48:56 #2 type] 
Type domain.User is not enhanced.

[2025-05-15 11:48:56 #3 type] 
Type domain.Ride is not enhanced.

[2025-05-15 11:48:56 #4 type] 
Type domain.Room is not enhanced.

[2025-05-15 11:48:56 #5 type] 
Type domain.Activity is not enhanced.

[2025-05-15 11:48:56 #6 type] 
Type domain.Session is not enhanced.

[2025-05-15 11:48:56 #7 type] 
Type domain.Booking is not enhanced.

------------------------------------------------------------------------------------------------------------------------

[2025-05-15 12:16:49 #1 store] 
Database 'C:\Users\jonru\Desktop\IS1\Rides24-master\src\main\resources\rides.odb' is opened by 20024@DESKTOP-58SPJ4J

[2025-05-15 12:16:49 #2 type] 
Type domain.User is not enhanced.

[2025-05-15 12:16:49 #3 type] 
Type domain.Ride is not enhanced.

[2025-05-15 12:16:49 #4 type] 
Type domain.Room is not enhanced.

[2025-05-15 12:16:49 #5 type] 
Type domain.Activity is not enhanced.

[2025-05-15 12:16:49 #6 type] 
Type domain.Session is not enhanced.

[2025-05-15 12:16:49 #7 type] 
Type domain.Booking is not enhanced.

------------------------------------------------------------------------------------------------------------------------

[2025-05-15 12:23:20 #1 store] 
Database 'C:\Users\jonru\Desktop\IS1\Rides24-master\src\main\resources\rides.odb' has been recovered (tr. 41-41)

[2025-05-15 12:23:20 #2 store] 
Database 'C:\Users\jonru\Desktop\IS1\Rides24-master\src\main\resources\rides.odb' is opened by 16144@DESKTOP-58SPJ4J

[2025-05-15 12:23:20 #3 type] 
Type domain.User is not enhanced.

[2025-05-15 12:23:20 #4 type] 
Type domain.Ride is not enhanced.

[2025-05-15 12:23:20 #5 type] 
Type domain.Room is not enhanced.

[2025-05-15 12:23:20 #6 type] 
Type domain.Activity is not enhanced.

[2025-05-15 12:23:20 #7 type] 
Type domain.Session is not enhanced.

[2025-05-15 12:23:20 #8 type] 
Type domain.Booking is not enhanced.

------------------------------------------------------------------------------------------------------------------------

[2025-05-15 12:30:16 #1 store] 
Database 'C:\Users\jonru\Desktop\IS1\Rides24-master\src\main\resources\rides.odb' is opened by 21524@DESKTOP-58SPJ4J

[2025-05-15 12:30:16 #2 type] 
Type domain.User is not enhanced.

[2025-05-15 12:30:16 #3 type] 
Type domain.Ride is not enhanced.

[2025-05-15 12:30:16 #4 type] 
Type domain.Room is not enhanced.

[2025-05-15 12:30:16 #5 type] 
Type domain.Activity is not enhanced.

[2025-05-15 12:30:16 #6 type] 
Type domain.Session is not enhanced.

[2025-05-15 12:30:16 #7 type] 
Type domain.Booking is not enhanced.

------------------------------------------------------------------------------------------------------------------------

[2025-05-15 12:35:12 #1 store] 
Database 'C:\Users\jonru\Desktop\IS1\Rides24-master\src\main\resources\rides.odb' is opened by 13292@DESKTOP-58SPJ4J

[2025-05-15 12:35:12 #2 type] 
Type domain.User is not enhanced.

[2025-05-15 12:35:12 #3 type] 
Type domain.Ride is not enhanced.

[2025-05-15 12:35:12 #4 type] 
Type domain.Room is not enhanced.

[2025-05-15 12:35:12 #5 type] 
Type domain.Activity is not enhanced.

[2025-05-15 12:35:12 #6 type] 
Type domain.Session is not enhanced.

[2025-05-15 12:35:12 #7 type] 
Type domain.Booking is not enhanced.

------------------------------------------------------------------------------------------------------------------------

[2025-05-15 12:36:34 #1 store] 
Database 'C:\Users\jonru\Desktop\IS1\Rides24-master\src\main\resources\rides.odb' has been recovered (tr. 42-43)

[2025-05-15 12:36:34 #2 store] 
Database 'C:\Users\jonru\Desktop\IS1\Rides24-master\src\main\resources\rides.odb' is opened by 9716@DESKTOP-58SPJ4J

[2025-05-15 12:36:34 #3 type] 
Type domain.User is not enhanced.

[2025-05-15 12:36:34 #4 type] 
Type domain.Ride is not enhanced.

[2025-05-15 12:36:34 #5 type] 
Type domain.Room is not enhanced.

[2025-05-15 12:36:34 #6 type] 
Type domain.Activity is not enhanced.

[2025-05-15 12:36:34 #7 type] 
Type domain.Session is not enhanced.

[2025-05-15 12:36:34 #8 type] 
Type domain.Booking is not enhanced.

------------------------------------------------------------------------------------------------------------------------

[2025-05-15 13:02:38 #1 store] 
Database 'C:\Users\jonru\Desktop\IS1\Rides24-master\src\main\resources\rides.odb' has been recovered (tr. 44-47)

[2025-05-15 13:02:38 #2 store] 
Database 'C:\Users\jonru\Desktop\IS1\Rides24-master\src\main\resources\rides.odb' is opened by 17840@DESKTOP-58SPJ4J

[2025-05-15 13:02:38 #3 type] 
Type domain.User is not enhanced.

[2025-05-15 13:02:38 #4 type] 
Type domain.Ride is not enhanced.

[2025-05-15 13:02:38 #5 type] 
Type domain.Room is not enhanced.

[2025-05-15 13:02:38 #6 type] 
Type domain.Activity is not enhanced.

[2025-05-15 13:02:38 #7 type] 
Type domain.Session is not enhanced.

[2025-05-15 13:02:38 #8 type] 
Type domain.Booking is not enhanced.

------------------------------------------------------------------------------------------------------------------------

[2025-05-15 13:03:53 #1 store] 
Database 'C:\Users\jonru\Desktop\IS1\Rides24-master\src\main\resources\rides.odb' is opened by 24604@DESKTOP-58SPJ4J

[2025-05-15 13:03:53 #2 type] 
Type domain.User is not enhanced.

[2025-05-15 13:03:53 #3 type] 
Type domain.Ride is not enhanced.

[2025-05-15 13:03:53 #4 type] 
Type domain.Room is not enhanced.

[2025-05-15 13:03:53 #5 type] 
Type domain.Activity is not enhanced.

[2025-05-15 13:03:53 #6 type] 
Type domain.Session is not enhanced.

[2025-05-15 13:03:53 #7 type] 
Type domain.Booking is not enhanced.

------------------------------------------------------------------------------------------------------------------------

[2025-05-15 13:05:09 #1 store] 
Database 'C:\Users\jonru\Desktop\IS1\Rides24-master\src\main\resources\rides.odb' has been recovered (tr. 48-50)

[2025-05-15 13:05:09 #2 store] 
Database 'C:\Users\jonru\Desktop\IS1\Rides24-master\src\main\resources\rides.odb' is opened by 14672@DESKTOP-58SPJ4J

[2025-05-15 13:05:09 #3 type] 
Type domain.User is not enhanced.

[2025-05-15 13:05:09 #4 type] 
Type domain.Ride is not enhanced.

[2025-05-15 13:05:09 #5 type] 
Type domain.Room is not enhanced.

[2025-05-15 13:05:09 #6 type] 
Type domain.Activity is not enhanced.

[2025-05-15 13:05:09 #7 type] 
Type domain.Session is not enhanced.

[2025-05-15 13:05:09 #8 type] 
Type domain.Booking is not enhanced.

------------------------------------------------------------------------------------------------------------------------

[2025-05-15 13:07:35 #1 store] 
Database 'C:\Users\jonru\Desktop\IS1\Rides24-master\src\main\resources\rides.odb' is opened by 25556@DESKTOP-58SPJ4J

[2025-05-15 13:07:36 #2 type] 
Type domain.User is not enhanced.

[2025-05-15 13:07:36 #3 type] 
Type domain.Ride is not enhanced.

[2025-05-15 13:07:36 #4 type] 
Type domain.Room is not enhanced.

[2025-05-15 13:07:36 #5 type] 
Type domain.Activity is not enhanced.

[2025-05-15 13:07:36 #6 type] 
Type domain.Session is not enhanced.

[2025-05-15 13:07:36 #7 type] 
Type domain.Booking is not enhanced.

------------------------------------------------------------------------------------------------------------------------

[2025-05-15 13:08:15 #1 store] 
Database 'C:\Users\jonru\Desktop\IS1\Rides24-master\src\main\resources\rides.odb' has been recovered (tr. 51-53)

[2025-05-15 13:08:15 #2 store] 
Database 'C:\Users\jonru\Desktop\IS1\Rides24-master\src\main\resources\rides.odb' is opened by 25148@DESKTOP-58SPJ4J

[2025-05-15 13:08:15 #3 type] 
Type domain.User is not enhanced.

[2025-05-15 13:08:15 #4 type] 
Type domain.Ride is not enhanced.

[2025-05-15 13:08:15 #5 type] 
Type domain.Room is not enhanced.

[2025-05-15 13:08:15 #6 type] 
Type domain.Activity is not enhanced.

[2025-05-15 13:08:15 #7 type] 
Type domain.Session is not enhanced.

[2025-05-15 13:08:15 #8 type] 
Type domain.Booking is not enhanced.

------------------------------------------------------------------------------------------------------------------------

[2025-05-15 13:23:29 #1 store] 
Database 'C:\Users\jonru\Desktop\IS1\Rides24-master\src\main\resources\rides.odb' is opened by 24072@DESKTOP-58SPJ4J

[2025-05-15 13:23:29 #2 type] 
Type domain.User is not enhanced.

[2025-05-15 13:23:29 #3 type] 
Type domain.Ride is not enhanced.

[2025-05-15 13:23:29 #4 type] 
Type domain.Room is not enhanced.

[2025-05-15 13:23:29 #5 type] 
Type domain.Activity is not enhanced.

[2025-05-15 13:23:29 #6 type] 
Type domain.Session is not enhanced.

[2025-05-15 13:23:29 #7 type] 
Type domain.Booking is not enhanced.

------------------------------------------------------------------------------------------------------------------------

[2025-05-15 14:08:36 #1 store] 
Database 'C:\Users\jonru\Desktop\IS1\Rides24-master\src\main\resources\rides.odb' is opened by 5748@DESKTOP-58SPJ4J

[2025-05-15 14:08:36 #2 type] 
Type domain.User is not enhanced.

[2025-05-15 14:08:36 #3 type] 
Type domain.Ride is not enhanced.

[2025-05-15 14:08:36 #4 type] 
Type domain.Room is not enhanced.

[2025-05-15 14:08:36 #5 type] 
Type domain.Activity is not enhanced.

[2025-05-15 14:08:36 #6 type] 
Type domain.Session is not enhanced.

[2025-05-15 14:08:36 #7 type] 
Type domain.Booking is not enhanced.

------------------------------------------------------------------------------------------------------------------------

[2025-05-15 14:09:17 #1 store] 
Database 'C:\Users\jonru\Desktop\IS1\Rides24-master\src\main\resources\rides.odb' has been recovered (tr. 54-56)

[2025-05-15 14:09:17 #2 store] 
Database 'C:\Users\jonru\Desktop\IS1\Rides24-master\src\main\resources\rides.odb' is opened by 9060@DESKTOP-58SPJ4J

[2025-05-15 14:09:17 #3 type] 
Type domain.User is not enhanced.

[2025-05-15 14:09:17 #4 type] 
Type domain.Ride is not enhanced.

[2025-05-15 14:09:17 #5 type] 
Type domain.Room is not enhanced.

[2025-05-15 14:09:17 #6 type] 
Type domain.Activity is not enhanced.

[2025-05-15 14:09:17 #7 type] 
Type domain.Session is not enhanced.

[2025-05-15 14:09:17 #8 type] 
Type domain.Booking is not enhanced.

------------------------------------------------------------------------------------------------------------------------

[2025-05-15 14:10:45 #1 store] 
Database 'C:\Users\jonru\Desktop\IS1\Rides24-master\src\main\resources\rides.odb' is opened by 21528@DESKTOP-58SPJ4J

[2025-05-15 14:10:45 #2 type] 
Type domain.User is not enhanced.

[2025-05-15 14:10:45 #3 type] 
Type domain.Ride is not enhanced.

[2025-05-15 14:10:45 #4 type] 
Type domain.Room is not enhanced.

[2025-05-15 14:10:45 #5 type] 
Type domain.Activity is not enhanced.

[2025-05-15 14:10:45 #6 type] 
Type domain.Session is not enhanced.

[2025-05-15 14:10:45 #7 type] 
Type domain.Booking is not enhanced.

------------------------------------------------------------------------------------------------------------------------

[2025-05-15 14:12:05 #1 store] 
Database 'C:\Users\jonru\Desktop\IS1\Rides24-master\src\main\resources\rides.odb' has been recovered (tr. 57-63)

[2025-05-15 14:12:05 #2 store] 
Database 'C:\Users\jonru\Desktop\IS1\Rides24-master\src\main\resources\rides.odb' is opened by 13048@DESKTOP-58SPJ4J

[2025-05-15 14:12:05 #3 type] 
Type domain.User is not enhanced.

[2025-05-15 14:12:05 #4 type] 
Type domain.Ride is not enhanced.

[2025-05-15 14:12:05 #5 type] 
Type domain.Room is not enhanced.

[2025-05-15 14:12:05 #6 type] 
Type domain.Activity is not enhanced.

[2025-05-15 14:12:05 #7 type] 
Type domain.Session is not enhanced.

[2025-05-15 14:12:05 #8 type] 
Type domain.Booking is not enhanced.

------------------------------------------------------------------------------------------------------------------------

[2025-05-15 14:13:32 #1 store] 
Database 'C:\Users\jonru\Desktop\IS1\Rides24-master\src\main\resources\rides.odb' is opened by 18720@DESKTOP-58SPJ4J

[2025-05-15 14:13:32 #2 type] 
Type domain.User is not enhanced.

[2025-05-15 14:13:32 #3 type] 
Type domain.Ride is not enhanced.

[2025-05-15 14:13:32 #4 type] 
Type domain.Room is not enhanced.

[2025-05-15 14:13:32 #5 type] 
Type domain.Activity is not enhanced.

[2025-05-15 14:13:32 #6 type] 
Type domain.Session is not enhanced.

[2025-05-15 14:13:32 #7 type] 
Type domain.Booking is not enhanced.

------------------------------------------------------------------------------------------------------------------------

[2025-05-15 14:16:59 #1 store] 
Database 'C:\Users\jonru\Desktop\IS1\Rides24-master\src\main\resources\rides.odb' is opened by 24800@DESKTOP-58SPJ4J

[2025-05-15 14:16:59 #2 type] 
Type domain.User is not enhanced.

[2025-05-15 14:16:59 #3 type] 
Type domain.Ride is not enhanced.

[2025-05-15 14:16:59 #4 type] 
Type domain.Room is not enhanced.

[2025-05-15 14:16:59 #5 type] 
Type domain.Activity is not enhanced.

[2025-05-15 14:16:59 #6 type] 
Type domain.Session is not enhanced.

[2025-05-15 14:16:59 #7 type] 
Type domain.Booking is not enhanced.

------------------------------------------------------------------------------------------------------------------------

[2025-05-15 14:19:08 #1 store] 
Database 'C:\Users\jonru\Desktop\IS1\Rides24-master\src\main\resources\rides.odb' is opened by 1844@DESKTOP-58SPJ4J

[2025-05-15 14:19:08 #2 type] 
Type domain.User is not enhanced.

[2025-05-15 14:19:08 #3 type] 
Type domain.Ride is not enhanced.

[2025-05-15 14:19:08 #4 type] 
Type domain.Room is not enhanced.

[2025-05-15 14:19:08 #5 type] 
Type domain.Activity is not enhanced.

[2025-05-15 14:19:08 #6 type] 
Type domain.Session is not enhanced.

[2025-05-15 14:19:08 #7 type] 
Type domain.Booking is not enhanced.

[2025-05-15 14:19:18 #8 type.registry] 
New type domain.Bill

[2025-05-15 14:19:18 #9 type] 
Type domain.Bill is not enhanced.

[2025-05-15 14:19:18 #10 type.registry] 
New type java.util.ArrayList<java.lang.Object>

[2025-05-15 14:19:18 #11 type.registry] 
New type java.util.ArrayList<domain.Booking>

------------------------------------------------------------------------------------------------------------------------

[2025-05-15 14:22:07 #1 store] 
Database 'C:\Users\jonru\Desktop\IS1\Rides24-master\src\main\resources\rides.odb' is opened by 20096@DESKTOP-58SPJ4J

[2025-05-15 14:22:08 #2 type] 
Type domain.User is not enhanced.

[2025-05-15 14:22:08 #3 type] 
Type domain.Ride is not enhanced.

[2025-05-15 14:22:08 #4 type] 
Type domain.Room is not enhanced.

[2025-05-15 14:22:08 #5 type] 
Type domain.Activity is not enhanced.

[2025-05-15 14:22:08 #6 type] 
Type domain.Session is not enhanced.

[2025-05-15 14:22:08 #7 type] 
Type domain.Booking is not enhanced.

[2025-05-15 14:22:08 #8 type] 
Type domain.Bill is not enhanced.

------------------------------------------------------------------------------------------------------------------------

[2025-05-15 16:13:42 #1 store] 
Database 'C:\Users\jonru\Desktop\IS1\Rides24-master\src\main\resources\rides.odb' is opened by 22380@DESKTOP-58SPJ4J

[2025-05-15 16:13:42 #2 type] 
Type domain.User is not enhanced.

[2025-05-15 16:13:42 #3 type] 
Type domain.Ride is not enhanced.

[2025-05-15 16:13:42 #4 type] 
Type domain.Room is not enhanced.

[2025-05-15 16:13:42 #5 type] 
Type domain.Activity is not enhanced.

[2025-05-15 16:13:42 #6 type] 
Type domain.Session is not enhanced.

[2025-05-15 16:13:42 #7 type] 
Type domain.Booking is not enhanced.

[2025-05-15 16:13:42 #8 type] 
Type domain.Bill is not enhanced.

------------------------------------------------------------------------------------------------------------------------

[2025-05-15 16:15:24 #1 store] 
Database 'C:\Users\jonru\Desktop\IS1\Rides24-master\src\main\resources\rides.odb' is opened by 10156@DESKTOP-58SPJ4J

[2025-05-15 16:15:24 #2 type] 
Type domain.User is not enhanced.

[2025-05-15 16:15:24 #3 type] 
Type domain.Ride is not enhanced.

[2025-05-15 16:15:24 #4 type] 
Type domain.Room is not enhanced.

[2025-05-15 16:15:24 #5 type] 
Type domain.Activity is not enhanced.

[2025-05-15 16:15:24 #6 type] 
Type domain.Session is not enhanced.

[2025-05-15 16:15:24 #7 type] 
Type domain.Booking is not enhanced.

[2025-05-15 16:15:24 #8 type] 
Type domain.Bill is not enhanced.

------------------------------------------------------------------------------------------------------------------------

[2025-05-15 16:23:02 #1 store] 
Database 'C:\Users\jonru\Desktop\IS1\Rides24-master\src\main\resources\rides.odb' is opened by 6088@DESKTOP-58SPJ4J

------------------------------------------------------------------------------------------------------------------------

[2025-05-15 16:23:58 #1 store] 
Database 'C:\Users\jonru\Desktop\IS1\Rides24-master\src\main\resources\rides.odb' is opened by 18532@DESKTOP-58SPJ4J

------------------------------------------------------------------------------------------------------------------------

[2025-05-15 17:18:17 #1 store] 
Database 'C:\Users\jonru\Desktop\IS1\Rides24-master\src\main\resources\rides.odb' is opened by 18588@DESKTOP-58SPJ4J

------------------------------------------------------------------------------------------------------------------------

[2025-05-15 17:22:39 #1 store] 
Database 'C:\Users\jonru\Desktop\IS1\Rides24-master\src\main\resources\rides.odb' is opened by 18808@DESKTOP-58SPJ4J

------------------------------------------------------------------------------------------------------------------------

[2025-05-15 17:25:33 #1 store] 
Database 'C:\Users\jonru\Desktop\IS1\Rides24-master\src\main\resources\rides.odb' is opened by 6476@DESKTOP-58SPJ4J

[2025-05-15 17:25:33 #2 type.registry] 
New type domain.User

[2025-05-15 17:25:33 #3 type] 
Type domain.User is not enhanced.

[2025-05-15 17:25:33 #4 type.registry] 
New type domain.Ride

[2025-05-15 17:25:33 #5 type] 
Type domain.Ride is not enhanced.

[2025-05-15 17:25:33 #6 type.registry] 
New type java.util.ArrayList<domain.User>

[2025-05-15 17:25:33 #7 type.registry] 
New type domain.Room

[2025-05-15 17:25:33 #8 type] 
Type domain.Room is not enhanced.

[2025-05-15 17:25:33 #9 type.registry] 
New type domain.Activity

[2025-05-15 17:25:33 #10 type] 
Type domain.Activity is not enhanced.

[2025-05-15 17:25:33 #11 type.registry] 
New type java.util.Vector<java.lang.Object>

[2025-05-15 17:25:33 #12 type.registry] 
New type java.util.Vector<domain.Ride>

------------------------------------------------------------------------------------------------------------------------

[2025-05-15 17:28:51 #1 store] 
Database 'C:\Users\jonru\Desktop\IS1\Rides24-master\src\main\resources\rides.odb' is opened by 9508@DESKTOP-58SPJ4J

[2025-05-15 17:28:51 #2 type.registry] 
New type domain.User

[2025-05-15 17:28:51 #3 type] 
Type domain.User is not enhanced.

[2025-05-15 17:28:51 #4 type.registry] 
New type domain.Ride

[2025-05-15 17:28:51 #5 type] 
Type domain.Ride is not enhanced.

[2025-05-15 17:28:51 #6 type.registry] 
New type java.util.ArrayList<domain.User>

[2025-05-15 17:28:51 #7 type.registry] 
New type domain.Room

[2025-05-15 17:28:51 #8 type] 
Type domain.Room is not enhanced.

[2025-05-15 17:28:51 #9 type.registry] 
New type domain.Activity

[2025-05-15 17:28:51 #10 type] 
Type domain.Activity is not enhanced.

[2025-05-15 17:28:51 #11 type.registry] 
New type java.util.Vector<java.lang.Object>

[2025-05-15 17:28:51 #12 type.registry] 
New type java.util.Vector<domain.Ride>

------------------------------------------------------------------------------------------------------------------------

[2025-05-15 17:29:33 #1 store] 
Database 'C:\Users\jonru\Desktop\IS1\Rides24-master\src\main\resources\rides.odb' has been recovered (tr. 1-8)

[2025-05-15 17:29:33 #2 store] 
Database 'C:\Users\jonru\Desktop\IS1\Rides24-master\src\main\resources\rides.odb' is opened by 17852@DESKTOP-58SPJ4J

[2025-05-15 17:29:33 #3 type] 
Type domain.User is not enhanced.

[2025-05-15 17:29:33 #4 type] 
Type domain.Ride is not enhanced.

[2025-05-15 17:29:33 #5 type] 
Type domain.Room is not enhanced.

[2025-05-15 17:29:33 #6 type] 
Type domain.Activity is not enhanced.

[2025-05-15 17:30:37 #7 type.registry] 
New type domain.Session

[2025-05-15 17:30:37 #8 type] 
Type domain.Session is not enhanced.

------------------------------------------------------------------------------------------------------------------------

[2025-05-15 17:31:12 #1 store] 
Database 'C:\Users\jonru\Desktop\IS1\Rides24-master\src\main\resources\rides.odb' has been recovered (tr. 9-18)

[2025-05-15 17:31:12 #2 store] 
Database 'C:\Users\jonru\Desktop\IS1\Rides24-master\src\main\resources\rides.odb' is opened by 4756@DESKTOP-58SPJ4J

[2025-05-15 17:31:12 #3 type] 
Type domain.User is not enhanced.

[2025-05-15 17:31:12 #4 type] 
Type domain.Ride is not enhanced.

[2025-05-15 17:31:12 #5 type] 
Type domain.Room is not enhanced.

[2025-05-15 17:31:12 #6 type] 
Type domain.Activity is not enhanced.

[2025-05-15 17:31:12 #7 type] 
Type domain.Session is not enhanced.

[2025-05-15 17:31:20 #8 type.registry] 
New type domain.Booking

[2025-05-15 17:31:20 #9 type] 
Type domain.Booking is not enhanced.

------------------------------------------------------------------------------------------------------------------------

[2025-05-15 17:32:26 #1 store] 
Database 'C:\Users\jonru\Desktop\IS1\Rides24-master\src\main\resources\rides.odb' has been recovered (tr. 19-25)

[2025-05-15 17:32:26 #2 store] 
Database 'C:\Users\jonru\Desktop\IS1\Rides24-master\src\main\resources\rides.odb' is opened by 22352@DESKTOP-58SPJ4J

[2025-05-15 17:32:27 #3 type] 
Type domain.User is not enhanced.

[2025-05-15 17:32:27 #4 type] 
Type domain.Ride is not enhanced.

[2025-05-15 17:32:27 #5 type] 
Type domain.Room is not enhanced.

[2025-05-15 17:32:27 #6 type] 
Type domain.Activity is not enhanced.

[2025-05-15 17:32:27 #7 type] 
Type domain.Session is not enhanced.

[2025-05-15 17:32:27 #8 type] 
Type domain.Booking is not enhanced.

------------------------------------------------------------------------------------------------------------------------

[2025-05-15 17:33:39 #1 store] 
Database 'C:\Users\jonru\Desktop\IS1\Rides24-master\src\main\resources\rides.odb' is opened by 13948@DESKTOP-58SPJ4J

[2025-05-15 17:33:40 #2 type] 
Type domain.User is not enhanced.

[2025-05-15 17:33:40 #3 type] 
Type domain.Ride is not enhanced.

[2025-05-15 17:33:40 #4 type] 
Type domain.Room is not enhanced.

[2025-05-15 17:33:40 #5 type] 
Type domain.Activity is not enhanced.

[2025-05-15 17:33:40 #6 type] 
Type domain.Session is not enhanced.

[2025-05-15 17:33:40 #7 type] 
Type domain.Booking is not enhanced.

------------------------------------------------------------------------------------------------------------------------

[2025-05-15 17:34:29 #1 store] 
Database 'C:\Users\jonru\Desktop\IS1\Rides24-master\src\main\resources\rides.odb' is opened by 22784@DESKTOP-58SPJ4J

[2025-05-15 17:34:29 #2 type] 
Type domain.User is not enhanced.

[2025-05-15 17:34:29 #3 type] 
Type domain.Ride is not enhanced.

[2025-05-15 17:34:29 #4 type] 
Type domain.Room is not enhanced.

[2025-05-15 17:34:29 #5 type] 
Type domain.Activity is not enhanced.

[2025-05-15 17:34:29 #6 type] 
Type domain.Session is not enhanced.

[2025-05-15 17:34:29 #7 type] 
Type domain.Booking is not enhanced.

[2025-05-15 17:34:37 #8 type.registry] 
New type domain.Bill

[2025-05-15 17:34:37 #9 type] 
Type domain.Bill is not enhanced.

[2025-05-15 17:34:37 #10 type.registry] 
New type java.util.ArrayList<java.lang.Object>

[2025-05-15 17:34:37 #11 type.registry] 
New type java.util.ArrayList<domain.Booking>

------------------------------------------------------------------------------------------------------------------------

[2025-05-15 17:34:46 #1 store] 
Database 'C:\Users\jonru\Desktop\IS1\Rides24-master\src\main\resources\rides.odb' has been recovered (tr. 26-29)

[2025-05-15 17:34:46 #2 store] 
Database 'C:\Users\jonru\Desktop\IS1\Rides24-master\src\main\resources\rides.odb' is opened by 23096@DESKTOP-58SPJ4J

[2025-05-15 17:34:46 #3 type] 
Type domain.User is not enhanced.

[2025-05-15 17:34:46 #4 type] 
Type domain.Ride is not enhanced.

[2025-05-15 17:34:46 #5 type] 
Type domain.Room is not enhanced.

[2025-05-15 17:34:46 #6 type] 
Type domain.Activity is not enhanced.

[2025-05-15 17:34:46 #7 type] 
Type domain.Session is not enhanced.

[2025-05-15 17:34:46 #8 type] 
Type domain.Booking is not enhanced.

[2025-05-15 17:34:46 #9 type] 
Type domain.Bill is not enhanced.

------------------------------------------------------------------------------------------------------------------------

[2025-05-15 17:38:08 #1 store] 
Database 'C:\Users\jonru\Desktop\IS1\Rides24-master\src\main\resources\rides.odb' is opened by 23040@DESKTOP-58SPJ4J

[2025-05-15 17:38:08 #2 type] 
Type domain.User is not enhanced.

[2025-05-15 17:38:08 #3 type] 
Type domain.Ride is not enhanced.

[2025-05-15 17:38:08 #4 type] 
Type domain.Room is not enhanced.

[2025-05-15 17:38:08 #5 type] 
Type domain.Activity is not enhanced.

[2025-05-15 17:38:08 #6 type] 
Type domain.Session is not enhanced.

[2025-05-15 17:38:08 #7 type] 
Type domain.Booking is not enhanced.

[2025-05-15 17:38:08 #8 type] 
Type domain.Bill is not enhanced.

