------------------------------------------------------------------------------------------------------------------------

[2025-03-06 12:25:56 #1 store] 
Database 'C:\Users\jonru\Desktop\IS1\Rides24-master\src\main\resources\rides.odb' is opened by 9180@DESKTOP-58SPJ4J

[2025-03-06 12:25:56 #2 type] 
Type domain.User is not enhanced.

[2025-03-06 12:25:56 #3 type] 
Type domain.Ride is not enhanced.

------------------------------------------------------------------------------------------------------------------------

[2025-03-06 12:26:11 #1 store] 
Database 'C:\Users\jonru\Desktop\IS1\Rides24-master\src\main\resources\rides.odb' is opened by 14776@DESKTOP-58SPJ4J

[2025-03-06 12:26:11 #2 type] 
Type domain.User is not enhanced.

[2025-03-06 12:26:11 #3 type] 
Type domain.Ride is not enhanced.

------------------------------------------------------------------------------------------------------------------------

[2025-03-06 12:28:53 #1 store] 
Database 'C:\Users\jonru\Desktop\IS1\Rides24-master\src\main\resources\rides.odb' is opened by 21468@DESKTOP-58SPJ4J

[2025-03-06 12:28:53 #2 type] 
Type domain.User is not enhanced.

[2025-03-06 12:28:53 #3 type] 
Type domain.Ride is not enhanced.

------------------------------------------------------------------------------------------------------------------------

[2025-03-06 12:30:05 #1 store] 
Database 'C:\Users\jonru\Desktop\IS1\Rides24-master\src\main\resources\rides.odb' is opened by 5928@DESKTOP-58SPJ4J

[2025-03-06 12:30:05 #2 type] 
Type domain.User is not enhanced.

[2025-03-06 12:30:05 #3 type] 
Type domain.Ride is not enhanced.

------------------------------------------------------------------------------------------------------------------------

[2025-03-06 12:31:08 #1 store] 
Database 'C:\Users\jonru\Desktop\IS1\Rides24-master\src\main\resources\rides.odb' is opened by 10960@DESKTOP-58SPJ4J

[2025-03-06 12:31:08 #2 type] 
Type domain.User is not enhanced.

[2025-03-06 12:31:08 #3 type] 
Type domain.Ride is not enhanced.

------------------------------------------------------------------------------------------------------------------------

[2025-03-06 12:32:20 #1 store] 
Database 'C:\Users\jonru\Desktop\IS1\Rides24-master\src\main\resources\rides.odb' is opened by 21512@DESKTOP-58SPJ4J

[2025-03-06 12:32:21 #2 type] 
Type domain.User is not enhanced.

[2025-03-06 12:32:21 #3 type] 
Type domain.Ride is not enhanced.

------------------------------------------------------------------------------------------------------------------------

[2025-03-06 12:48:34 #1 store] 
Database 'C:\Users\jonru\Desktop\IS1\Rides24-master\src\main\resources\rides.odb' is opened by 21560@DESKTOP-58SPJ4J

[2025-03-06 12:48:34 #2 type] 
Type domain.User is not enhanced.

[2025-03-06 12:48:34 #3 type] 
Type domain.Ride is not enhanced.

------------------------------------------------------------------------------------------------------------------------

[2025-03-06 12:51:30 #1 store] 
Database 'C:\Users\jonru\Desktop\IS1\Rides24-master\src\main\resources\rides.odb' is opened by 18040@DESKTOP-58SPJ4J

[2025-03-06 12:51:30 #2 type] 
Type domain.User is not enhanced.

[2025-03-06 12:51:30 #3 type] 
Type domain.Ride is not enhanced.

------------------------------------------------------------------------------------------------------------------------

[2025-03-06 13:06:56 #1 store] 
Database 'C:\Users\jonru\Desktop\IS1\Rides24-master\src\main\resources\rides.odb' is opened by 17900@DESKTOP-58SPJ4J

[2025-03-06 13:06:56 #2 type] 
Type domain.User is not enhanced.

[2025-03-06 13:06:56 #3 type] 
Type domain.Ride is not enhanced.

[2025-03-06 13:06:56 #4 type.registry] 
New type java.util.ArrayList<domain.User>

------------------------------------------------------------------------------------------------------------------------

[2025-03-06 13:09:05 #1 store] 
Database 'C:\Users\jonru\Desktop\IS1\Rides24-master\src\main\resources\rides.odb' has been recovered (tr. 9-9)

[2025-03-06 13:09:05 #2 store] 
Database 'C:\Users\jonru\Desktop\IS1\Rides24-master\src\main\resources\rides.odb' is opened by 12548@DESKTOP-58SPJ4J

[2025-03-06 13:09:05 #3 type] 
Type domain.User is not enhanced.

[2025-03-06 13:09:05 #4 type] 
Type domain.Ride is not enhanced.

------------------------------------------------------------------------------------------------------------------------

[2025-03-06 13:09:31 #1 store] 
Database 'C:\Users\jonru\Desktop\IS1\Rides24-master\src\main\resources\rides.odb' is opened by 3580@DESKTOP-58SPJ4J

[2025-03-06 13:09:39 #2 type.registry] 
New type domain.User

[2025-03-06 13:09:39 #3 type] 
Type domain.User is not enhanced.

[2025-03-06 13:09:39 #4 type.registry] 
New type domain.Ride

[2025-03-06 13:09:39 #5 type] 
Type domain.Ride is not enhanced.

[2025-03-06 13:09:39 #6 type.registry] 
New type java.util.ArrayList<domain.User>

[2025-03-06 13:09:39 #7 type.registry] 
New type java.util.Vector<java.lang.Object>

[2025-03-06 13:09:39 #8 type.registry] 
New type java.util.Vector<domain.Ride>

[2025-03-06 13:10:13 #9 type.registry] 
New type java.util.ArrayList<java.lang.Object>

------------------------------------------------------------------------------------------------------------------------

[2025-03-06 13:14:10 #1 store] 
Database 'C:\Users\jonru\Desktop\IS1\Rides24-master\src\main\resources\rides.odb' is opened by 16756@DESKTOP-58SPJ4J

[2025-03-06 13:14:10 #2 type] 
Type domain.User is not enhanced.

[2025-03-06 13:14:10 #3 type] 
Type domain.Ride is not enhanced.

------------------------------------------------------------------------------------------------------------------------

[2025-03-06 13:21:28 #1 store] 
Database 'C:\Users\jonru\Desktop\IS1\Rides24-master\src\main\resources\rides.odb' is opened by 8972@DESKTOP-58SPJ4J

[2025-03-06 13:21:31 #2 type.registry] 
New type domain.User

[2025-03-06 13:21:31 #3 type] 
Type domain.User is not enhanced.

[2025-03-06 13:21:31 #4 type.registry] 
New type domain.Ride

[2025-03-06 13:21:31 #5 type] 
Type domain.Ride is not enhanced.

[2025-03-06 13:21:31 #6 type.registry] 
New type java.util.ArrayList<domain.User>

[2025-03-06 13:21:31 #7 type.registry] 
New type java.util.Vector<java.lang.Object>

[2025-03-06 13:21:31 #8 type.registry] 
New type java.util.Vector<domain.Ride>

[2025-03-06 13:21:54 #9 type.registry] 
New type java.util.ArrayList<java.lang.Object>

------------------------------------------------------------------------------------------------------------------------

[2025-03-06 13:30:41 #1 store] 
Database 'C:\Users\jonru\Desktop\IS1\Rides24-master\src\main\resources\rides.odb' is opened by 1532@DESKTOP-58SPJ4J

[2025-03-06 13:30:43 #2 type.registry] 
New type domain.User

[2025-03-06 13:30:43 #3 type] 
Type domain.User is not enhanced.

[2025-03-06 13:30:43 #4 type.registry] 
New type domain.Ride

[2025-03-06 13:30:43 #5 type] 
Type domain.Ride is not enhanced.

[2025-03-06 13:30:43 #6 type.registry] 
New type java.util.ArrayList<domain.User>

[2025-03-06 13:30:46 #7 type.registry] 
New type java.util.Vector<java.lang.Object>

[2025-03-06 13:30:46 #8 type.registry] 
New type java.util.Vector<domain.Ride>

------------------------------------------------------------------------------------------------------------------------

[2025-03-06 13:36:04 #1 store] 
Database 'C:\Users\jonru\Desktop\IS1\Rides24-master\src\main\resources\rides.odb' is opened by 22096@DESKTOP-58SPJ4J

[2025-03-06 13:36:05 #2 type] 
Type domain.User is not enhanced.

[2025-03-06 13:36:05 #3 type] 
Type domain.Ride is not enhanced.

------------------------------------------------------------------------------------------------------------------------

[2025-03-06 13:39:00 #1 store] 
Database 'C:\Users\jonru\Desktop\IS1\Rides24-master\src\main\resources\rides.odb' is opened by 11792@DESKTOP-58SPJ4J

[2025-03-06 13:39:01 #2 type] 
Type domain.User is not enhanced.

[2025-03-06 13:39:01 #3 type] 
Type domain.Ride is not enhanced.

------------------------------------------------------------------------------------------------------------------------

[2025-03-06 13:41:39 #1 store] 
Database 'C:\Users\jonru\Desktop\IS1\Rides24-master\src\main\resources\rides.odb' has been recovered (tr. 8-8)

[2025-03-06 13:41:39 #2 store] 
Database 'C:\Users\jonru\Desktop\IS1\Rides24-master\src\main\resources\rides.odb' is opened by 15164@DESKTOP-58SPJ4J

[2025-03-06 13:41:40 #3 type] 
Type domain.User is not enhanced.

[2025-03-06 13:41:40 #4 type] 
Type domain.Ride is not enhanced.

------------------------------------------------------------------------------------------------------------------------

[2025-03-06 13:54:05 #1 store] 
Database 'C:\Users\jonru\Desktop\IS1\Rides24-master\src\main\resources\rides.odb' is opened by 4076@DESKTOP-58SPJ4J

[2025-03-06 13:54:05 #2 type] 
Type domain.User is not enhanced.

[2025-03-06 13:54:05 #3 type] 
Type domain.Ride is not enhanced.

[2025-03-06 13:54:16 #4 type.registry] 
New type java.util.ArrayList<java.lang.Object>

------------------------------------------------------------------------------------------------------------------------

[2025-03-06 13:57:30 #1 store] 
Database 'C:\Users\jonru\Desktop\IS1\Rides24-master\src\main\resources\rides.odb' is opened by 6296@DESKTOP-58SPJ4J

[2025-03-06 13:57:36 #2 type.registry] 
New type domain.User

[2025-03-06 13:57:36 #3 type] 
Type domain.User is not enhanced.

[2025-03-06 13:57:36 #4 type.registry] 
New type domain.Ride

[2025-03-06 13:57:36 #5 type] 
Type domain.Ride is not enhanced.

[2025-03-06 13:57:36 #6 type.registry] 
New type java.util.ArrayList<domain.User>

[2025-03-06 13:57:36 #7 type.registry] 
New type java.util.Vector<java.lang.Object>

[2025-03-06 13:57:36 #8 type.registry] 
New type java.util.Vector<domain.Ride>

[2025-03-06 13:57:49 #9 type.registry] 
New type java.util.ArrayList<java.lang.Object>

------------------------------------------------------------------------------------------------------------------------

[2025-03-06 14:01:31 #1 store] 
Database 'C:\Users\jonru\Desktop\IS1\Rides24-master\src\main\resources\rides.odb' is opened by 2152@DESKTOP-58SPJ4J

[2025-03-06 14:01:33 #2 type.registry] 
New type domain.User

[2025-03-06 14:01:33 #3 type] 
Type domain.User is not enhanced.

[2025-03-06 14:01:33 #4 type.registry] 
New type domain.Ride

[2025-03-06 14:01:33 #5 type] 
Type domain.Ride is not enhanced.

[2025-03-06 14:01:33 #6 type.registry] 
New type java.util.ArrayList<domain.User>

[2025-03-06 14:01:35 #7 type.registry] 
New type java.util.Vector<java.lang.Object>

[2025-03-06 14:01:35 #8 type.registry] 
New type java.util.Vector<domain.Ride>

[2025-03-06 14:01:46 #9 type.registry] 
New type java.util.ArrayList<java.lang.Object>

------------------------------------------------------------------------------------------------------------------------

[2025-03-06 14:03:30 #1 store] 
Database 'C:\Users\jonru\Desktop\IS1\Rides24-master\src\main\resources\rides.odb' is opened by 7788@DESKTOP-58SPJ4J

[2025-03-06 14:03:38 #2 type.registry] 
New type domain.User

[2025-03-06 14:03:38 #3 type] 
Type domain.User is not enhanced.

[2025-03-06 14:03:38 #4 type.registry] 
New type domain.Ride

[2025-03-06 14:03:38 #5 type] 
Type domain.Ride is not enhanced.

[2025-03-06 14:03:38 #6 type.registry] 
New type java.util.ArrayList<domain.User>

[2025-03-06 14:03:38 #7 type.registry] 
New type java.util.Vector<java.lang.Object>

[2025-03-06 14:03:38 #8 type.registry] 
New type java.util.Vector<domain.Ride>

[2025-03-06 14:03:52 #9 type.registry] 
New type java.util.ArrayList<java.lang.Object>

------------------------------------------------------------------------------------------------------------------------

[2025-03-06 15:53:09 #1 store] 
Database 'C:\Users\jonru\Desktop\IS1\Rides24-master\src\main\resources\rides.odb' is opened by 20816@DESKTOP-58SPJ4J

[2025-03-06 15:53:28 #2 type.registry] 
New type domain.User

[2025-03-06 15:53:28 #3 type] 
Type domain.User is not enhanced.

[2025-03-06 15:53:28 #4 type.registry] 
New type domain.Ride

[2025-03-06 15:53:28 #5 type] 
Type domain.Ride is not enhanced.

[2025-03-06 15:53:28 #6 type.registry] 
New type java.util.ArrayList<domain.User>

[2025-03-06 15:53:32 #7 type.registry] 
New type java.util.Vector<java.lang.Object>

[2025-03-06 15:53:32 #8 type.registry] 
New type java.util.Vector<domain.Ride>

[2025-03-06 15:53:41 #9 type.registry] 
New type java.util.ArrayList<java.lang.Object>

------------------------------------------------------------------------------------------------------------------------

[2025-03-06 16:01:14 #1 store] 
Database 'C:\Users\jonru\Desktop\IS1\Rides24-master\src\main\resources\rides.odb' is opened by 6596@DESKTOP-58SPJ4J

[2025-03-06 16:01:18 #2 type.registry] 
New type domain.User

[2025-03-06 16:01:18 #3 type] 
Type domain.User is not enhanced.

[2025-03-06 16:01:18 #4 type.registry] 
New type domain.Ride

[2025-03-06 16:01:18 #5 type] 
Type domain.Ride is not enhanced.

[2025-03-06 16:01:18 #6 type.registry] 
New type java.util.ArrayList<domain.User>

[2025-03-06 16:01:18 #7 type.registry] 
New type java.util.Vector<java.lang.Object>

[2025-03-06 16:01:18 #8 type.registry] 
New type java.util.Vector<domain.Ride>

[2025-03-06 16:01:47 #9 type.registry] 
New type java.util.ArrayList<java.lang.Object>

------------------------------------------------------------------------------------------------------------------------

[2025-03-06 16:02:11 #1 store] 
Database 'C:\Users\jonru\Desktop\IS1\Rides24-master\src\main\resources\rides.odb' has been recovered (tr. 1-8)

[2025-03-06 16:02:11 #2 store] 
Database 'C:\Users\jonru\Desktop\IS1\Rides24-master\src\main\resources\rides.odb' is opened by 7528@DESKTOP-58SPJ4J

[2025-03-06 16:02:11 #3 type] 
Type domain.User is not enhanced.

[2025-03-06 16:02:11 #4 type] 
Type domain.Ride is not enhanced.

------------------------------------------------------------------------------------------------------------------------

[2025-03-06 16:02:24 #1 store] 
Database 'C:\Users\jonru\Desktop\IS1\Rides24-master\src\main\resources\rides.odb' has been recovered (tr. 9-9)

[2025-03-06 16:02:25 #2 store] 
Database 'C:\Users\jonru\Desktop\IS1\Rides24-master\src\main\resources\rides.odb' is opened by 6384@DESKTOP-58SPJ4J

[2025-03-06 16:02:25 #3 type] 
Type domain.User is not enhanced.

[2025-03-06 16:02:25 #4 type] 
Type domain.Ride is not enhanced.

------------------------------------------------------------------------------------------------------------------------

[2025-03-06 16:13:55 #1 store] 
Database 'C:\Users\jonru\Desktop\IS1\Rides24-master\src\main\resources\rides.odb' is opened by 6172@DESKTOP-58SPJ4J

[2025-03-06 16:13:58 #2 type.registry] 
New type domain.User

[2025-03-06 16:13:58 #3 type] 
Type domain.User is not enhanced.

[2025-03-06 16:13:58 #4 type.registry] 
New type domain.Ride

[2025-03-06 16:13:58 #5 type] 
Type domain.Ride is not enhanced.

[2025-03-06 16:13:58 #6 type.registry] 
New type java.util.ArrayList<domain.User>

[2025-03-06 16:13:58 #7 type.registry] 
New type java.util.Vector<java.lang.Object>

[2025-03-06 16:13:58 #8 type.registry] 
New type java.util.Vector<domain.Ride>

------------------------------------------------------------------------------------------------------------------------

[2025-03-06 16:18:54 #1 store] 
Database 'C:\Users\jonru\Desktop\IS1\Rides24-master\src\main\resources\rides.odb' is opened by 14792@DESKTOP-58SPJ4J

[2025-03-06 16:19:00 #2 type.registry] 
New type domain.User

[2025-03-06 16:19:00 #3 type] 
Type domain.User is not enhanced.

[2025-03-06 16:19:00 #4 type.registry] 
New type domain.Ride

[2025-03-06 16:19:00 #5 type] 
Type domain.Ride is not enhanced.

[2025-03-06 16:19:00 #6 type.registry] 
New type java.util.ArrayList<domain.User>

[2025-03-06 16:19:02 #7 type.registry] 
New type java.util.Vector<java.lang.Object>

[2025-03-06 16:19:02 #8 type.registry] 
New type java.util.Vector<domain.Ride>

[2025-03-06 16:19:22 #9 type.registry] 
New type java.util.ArrayList<java.lang.Object>

------------------------------------------------------------------------------------------------------------------------

[2025-03-06 16:21:16 #1 store] 
Database 'C:\Users\jonru\Desktop\IS1\Rides24-master\src\main\resources\rides.odb' has been recovered (tr. 1-9)

[2025-03-06 16:21:16 #2 store] 
Database 'C:\Users\jonru\Desktop\IS1\Rides24-master\src\main\resources\rides.odb' is opened by 18828@DESKTOP-58SPJ4J

[2025-03-06 16:21:16 #3 type] 
Type domain.User is not enhanced.

[2025-03-06 16:21:16 #4 type] 
Type domain.Ride is not enhanced.

------------------------------------------------------------------------------------------------------------------------

[2025-03-06 17:10:13 #1 store] 
Database 'C:\Users\jonru\Desktop\IS1\Rides24-master\src\main\resources\rides.odb' is opened by 22780@DESKTOP-58SPJ4J

[2025-03-06 17:10:13 #2 type] 
Type domain.User is not enhanced.

[2025-03-06 17:10:13 #3 type] 
Type domain.Ride is not enhanced.

------------------------------------------------------------------------------------------------------------------------

[2025-03-06 18:07:49 #1 store] 
Database 'C:\Users\jonru\Desktop\IS1\Rides24-master\src\main\resources\rides.odb' is opened by 23344@DESKTOP-58SPJ4J

[2025-03-06 18:07:50 #2 type] 
Type domain.User is not enhanced.

[2025-03-06 18:07:50 #3 type] 
Type domain.Ride is not enhanced.

------------------------------------------------------------------------------------------------------------------------

[2025-03-06 18:26:38 #1 store] 
Database 'C:\Users\jonru\Desktop\IS1\Rides24-master\src\main\resources\rides.odb' is opened by 19904@DESKTOP-58SPJ4J

[2025-03-06 18:26:38 #2 type] 
Type domain.User is not enhanced.

[2025-03-06 18:26:38 #3 type] 
Type domain.Ride is not enhanced.

------------------------------------------------------------------------------------------------------------------------

[2025-03-06 18:38:22 #1 store] 
Database 'C:\Users\jonru\Desktop\IS1\Rides24-master\src\main\resources\rides.odb' is opened by 23476@DESKTOP-58SPJ4J

[2025-03-06 18:38:22 #2 type] 
Type domain.User is not enhanced.

[2025-03-06 18:38:22 #3 type] 
Type domain.Ride is not enhanced.

------------------------------------------------------------------------------------------------------------------------

[2025-03-06 18:43:48 #1 store] 
Database 'C:\Users\jonru\Desktop\IS1\Rides24-master\src\main\resources\rides.odb' is opened by 10564@DESKTOP-58SPJ4J

[2025-03-06 18:43:48 #2 type] 
Type domain.User is not enhanced.

[2025-03-06 18:43:48 #3 type] 
Type domain.Ride is not enhanced.

------------------------------------------------------------------------------------------------------------------------

[2025-03-06 18:44:25 #1 store] 
Database 'C:\Users\jonru\Desktop\IS1\Rides24-master\src\main\resources\rides.odb' is opened by 12168@DESKTOP-58SPJ4J

[2025-03-06 18:44:25 #2 type] 
Type domain.User is not enhanced.

[2025-03-06 18:44:25 #3 type] 
Type domain.Ride is not enhanced.

------------------------------------------------------------------------------------------------------------------------

[2025-03-06 18:46:35 #1 store] 
Database 'C:\Users\jonru\Desktop\IS1\Rides24-master\src\main\resources\rides.odb' is opened by 13512@DESKTOP-58SPJ4J

[2025-03-06 18:46:35 #2 type] 
Type domain.User is not enhanced.

[2025-03-06 18:46:35 #3 type] 
Type domain.Ride is not enhanced.

------------------------------------------------------------------------------------------------------------------------

[2025-03-06 19:14:20 #1 store] 
Database 'C:\Users\jonru\Desktop\IS1\Rides24-master\src\main\resources\rides.odb' is opened by 20976@DESKTOP-58SPJ4J

[2025-03-06 19:14:20 #2 type] 
Type domain.User is not enhanced.

[2025-03-06 19:14:20 #3 type] 
Type domain.Ride is not enhanced.

------------------------------------------------------------------------------------------------------------------------

[2025-03-06 19:16:15 #1 store] 
Database 'C:\Users\jonru\Desktop\IS1\Rides24-master\src\main\resources\rides.odb' is opened by 20756@DESKTOP-58SPJ4J

[2025-03-06 19:16:15 #2 type] 
Type domain.User is not enhanced.

[2025-03-06 19:16:15 #3 type] 
Type domain.Ride is not enhanced.

------------------------------------------------------------------------------------------------------------------------

[2025-03-06 19:17:01 #1 store] 
Database 'C:\Users\jonru\Desktop\IS1\Rides24-master\src\main\resources\rides.odb' is opened by 17640@DESKTOP-58SPJ4J

[2025-03-06 19:17:01 #2 type] 
Type domain.User is not enhanced.

[2025-03-06 19:17:01 #3 type] 
Type domain.Ride is not enhanced.

------------------------------------------------------------------------------------------------------------------------

[2025-03-06 19:20:42 #1 store] 
Database 'C:\Users\jonru\Desktop\IS1\Rides24-master\src\main\resources\rides.odb' is opened by 23260@DESKTOP-58SPJ4J

[2025-03-06 19:20:42 #2 type] 
Type domain.User is not enhanced.

[2025-03-06 19:20:42 #3 type] 
Type domain.Ride is not enhanced.

