------------------------------------------------------------------------------------------------------------------------

[2025-05-16 02:51:46 #1 store] 
Database 'C:\Users\jonru\Desktop\IS1\Rides24-master\src\main\resources\rides.odb' is opened by 3756@DESKTOP-58SPJ4J

[2025-05-16 02:51:47 #2 type] 
Type domain.User is not enhanced.

[2025-05-16 02:51:47 #3 type] 
Type domain.Ride is not enhanced.

[2025-05-16 02:51:47 #4 type] 
Type domain.Room is not enhanced.

[2025-05-16 02:51:47 #5 type] 
Type domain.Activity is not enhanced.

[2025-05-16 02:51:47 #6 type] 
Type domain.Session is not enhanced.

[2025-05-16 02:51:47 #7 type] 
Type domain.Booking is not enhanced.

[2025-05-16 02:51:47 #8 type] 
Type domain.Bill is not enhanced.

------------------------------------------------------------------------------------------------------------------------

[2025-05-16 03:32:43 #1 store] 
Database 'C:\Users\jonru\Desktop\IS1\Rides24-master\src\main\resources\rides.odb' is opened by 7084@DESKTOP-58SPJ4J

[2025-05-16 03:32:43 #2 type] 
Type domain.User is not enhanced.

[2025-05-16 03:32:43 #3 type.registry] 
New type domain.Payment

[2025-05-16 03:32:43 #4 type] 
Type domain.Ride is not enhanced.

[2025-05-16 03:32:43 #5 type] 
Type domain.Room is not enhanced.

[2025-05-16 03:32:43 #6 type] 
Type domain.Activity is not enhanced.

[2025-05-16 03:32:43 #7 type] 
Type domain.Session is not enhanced.

[2025-05-16 03:32:43 #8 type] 
Type domain.Booking is not enhanced.

[2025-05-16 03:32:43 #9 type] 
Type domain.Bill is not enhanced.

[2025-05-16 03:32:43 #10 type] 
Type domain.Payment is not enhanced.

------------------------------------------------------------------------------------------------------------------------

[2025-05-16 03:34:39 #1 store] 
Database 'C:\Users\jonru\Desktop\IS1\Rides24-master\src\main\resources\rides.odb' has been recovered (tr. 30-36)

[2025-05-16 03:34:39 #2 store] 
Database 'C:\Users\jonru\Desktop\IS1\Rides24-master\src\main\resources\rides.odb' is opened by 21824@DESKTOP-58SPJ4J

[2025-05-16 03:34:39 #3 type] 
Type domain.User is not enhanced.

[2025-05-16 03:34:39 #4 type] 
Type domain.Ride is not enhanced.

[2025-05-16 03:34:39 #5 type] 
Type domain.Room is not enhanced.

[2025-05-16 03:34:39 #6 type] 
Type domain.Activity is not enhanced.

[2025-05-16 03:34:39 #7 type] 
Type domain.Session is not enhanced.

[2025-05-16 03:34:39 #8 type] 
Type domain.Booking is not enhanced.

[2025-05-16 03:34:39 #9 type] 
Type domain.Bill is not enhanced.

[2025-05-16 03:34:39 #10 type] 
Type domain.Payment is not enhanced.

------------------------------------------------------------------------------------------------------------------------

[2025-05-16 03:35:34 #1 store] 
Database 'C:\Users\jonru\Desktop\IS1\Rides24-master\src\main\resources\rides.odb' is opened by 15824@DESKTOP-58SPJ4J

[2025-05-16 03:35:34 #2 type] 
Type domain.User is not enhanced.

[2025-05-16 03:35:34 #3 type] 
Type domain.Ride is not enhanced.

[2025-05-16 03:35:34 #4 type] 
Type domain.Room is not enhanced.

[2025-05-16 03:35:34 #5 type] 
Type domain.Activity is not enhanced.

[2025-05-16 03:35:34 #6 type] 
Type domain.Session is not enhanced.

[2025-05-16 03:35:34 #7 type] 
Type domain.Booking is not enhanced.

[2025-05-16 03:35:34 #8 type] 
Type domain.Bill is not enhanced.

[2025-05-16 03:35:34 #9 type] 
Type domain.Payment is not enhanced.

------------------------------------------------------------------------------------------------------------------------

[2025-05-16 03:35:55 #1 store] 
Database 'C:\Users\jonru\Desktop\IS1\Rides24-master\src\main\resources\rides.odb' has been recovered (tr. 37-38)

[2025-05-16 03:35:55 #2 store] 
Database 'C:\Users\jonru\Desktop\IS1\Rides24-master\src\main\resources\rides.odb' is opened by 7964@DESKTOP-58SPJ4J

[2025-05-16 03:35:56 #3 type] 
Type domain.User is not enhanced.

[2025-05-16 03:35:56 #4 type] 
Type domain.Ride is not enhanced.

[2025-05-16 03:35:56 #5 type] 
Type domain.Room is not enhanced.

[2025-05-16 03:35:56 #6 type] 
Type domain.Activity is not enhanced.

[2025-05-16 03:35:56 #7 type] 
Type domain.Session is not enhanced.

[2025-05-16 03:35:56 #8 type] 
Type domain.Booking is not enhanced.

[2025-05-16 03:35:56 #9 type] 
Type domain.Bill is not enhanced.

[2025-05-16 03:35:56 #10 type] 
Type domain.Payment is not enhanced.

------------------------------------------------------------------------------------------------------------------------

[2025-05-16 03:37:05 #1 store] 
Database 'C:\Users\jonru\Desktop\IS1\Rides24-master\src\main\resources\rides.odb' is opened by 4452@DESKTOP-58SPJ4J

[2025-05-16 03:37:05 #2 type] 
Type domain.User is not enhanced.

[2025-05-16 03:37:05 #3 type] 
Type domain.Ride is not enhanced.

[2025-05-16 03:37:05 #4 type] 
Type domain.Room is not enhanced.

[2025-05-16 03:37:05 #5 type] 
Type domain.Activity is not enhanced.

[2025-05-16 03:37:05 #6 type] 
Type domain.Session is not enhanced.

[2025-05-16 03:37:05 #7 type] 
Type domain.Booking is not enhanced.

[2025-05-16 03:37:05 #8 type] 
Type domain.Bill is not enhanced.

[2025-05-16 03:37:05 #9 type] 
Type domain.Payment is not enhanced.

------------------------------------------------------------------------------------------------------------------------

[2025-05-16 03:41:38 #1 store] 
Database 'C:\Users\jonru\Desktop\IS1\Rides24-master\src\main\resources\rides.odb' is opened by 19476@DESKTOP-58SPJ4J

[2025-05-16 03:41:38 #2 type] 
Type domain.User is not enhanced.

[2025-05-16 03:41:38 #3 type] 
Type domain.Ride is not enhanced.

[2025-05-16 03:41:38 #4 type] 
Type domain.Room is not enhanced.

[2025-05-16 03:41:38 #5 type] 
Type domain.Activity is not enhanced.

[2025-05-16 03:41:38 #6 type] 
Type domain.Session is not enhanced.

[2025-05-16 03:41:38 #7 type] 
Type domain.Booking is not enhanced.

[2025-05-16 03:41:38 #8 type] 
Type domain.Bill is not enhanced.

[2025-05-16 03:41:38 #9 type] 
Type domain.Payment is not enhanced.

------------------------------------------------------------------------------------------------------------------------

[2025-05-16 03:43:34 #1 store] 
Database 'C:\Users\jonru\Desktop\IS1\Rides24-master\src\main\resources\rides.odb' is opened by 20024@DESKTOP-58SPJ4J

[2025-05-16 03:43:34 #2 type] 
Type domain.User is not enhanced.

[2025-05-16 03:43:34 #3 type] 
Type domain.Ride is not enhanced.

[2025-05-16 03:43:34 #4 type] 
Type domain.Room is not enhanced.

[2025-05-16 03:43:34 #5 type] 
Type domain.Activity is not enhanced.

[2025-05-16 03:43:34 #6 type] 
Type domain.Session is not enhanced.

[2025-05-16 03:43:34 #7 type] 
Type domain.Booking is not enhanced.

[2025-05-16 03:43:34 #8 type] 
Type domain.Bill is not enhanced.

[2025-05-16 03:43:34 #9 type] 
Type domain.Payment is not enhanced.

------------------------------------------------------------------------------------------------------------------------

[2025-05-16 03:44:03 #1 store] 
Database 'C:\Users\jonru\Desktop\IS1\Rides24-master\src\main\resources\rides.odb' has been recovered (tr. 47-47)

[2025-05-16 03:44:03 #2 store] 
Database 'C:\Users\jonru\Desktop\IS1\Rides24-master\src\main\resources\rides.odb' is opened by 7092@DESKTOP-58SPJ4J

[2025-05-16 03:44:03 #3 type] 
Type domain.User is not enhanced.

[2025-05-16 03:44:03 #4 type] 
Type domain.Ride is not enhanced.

[2025-05-16 03:44:03 #5 type] 
Type domain.Room is not enhanced.

[2025-05-16 03:44:03 #6 type] 
Type domain.Activity is not enhanced.

[2025-05-16 03:44:03 #7 type] 
Type domain.Session is not enhanced.

[2025-05-16 03:44:03 #8 type] 
Type domain.Booking is not enhanced.

[2025-05-16 03:44:03 #9 type] 
Type domain.Bill is not enhanced.

[2025-05-16 03:44:03 #10 type] 
Type domain.Payment is not enhanced.

------------------------------------------------------------------------------------------------------------------------

[2025-05-16 03:47:32 #1 store] 
Database 'C:\Users\jonru\Desktop\IS1\Rides24-master\src\main\resources\rides.odb' is opened by 1592@DESKTOP-58SPJ4J

[2025-05-16 03:47:32 #2 type] 
Type domain.User is not enhanced.

[2025-05-16 03:47:32 #3 type] 
Type domain.Ride is not enhanced.

[2025-05-16 03:47:32 #4 type] 
Type domain.Room is not enhanced.

[2025-05-16 03:47:32 #5 type] 
Type domain.Activity is not enhanced.

[2025-05-16 03:47:32 #6 type] 
Type domain.Session is not enhanced.

[2025-05-16 03:47:32 #7 type] 
Type domain.Booking is not enhanced.

[2025-05-16 03:47:32 #8 type] 
Type domain.Bill is not enhanced.

[2025-05-16 03:47:32 #9 type] 
Type domain.Payment is not enhanced.

------------------------------------------------------------------------------------------------------------------------

[2025-05-16 03:48:12 #1 store] 
Database 'C:\Users\jonru\Desktop\IS1\Rides24-master\src\main\resources\rides.odb' is opened by 17712@DESKTOP-58SPJ4J

[2025-05-16 03:48:12 #2 type] 
Type domain.User is not enhanced.

[2025-05-16 03:48:12 #3 type] 
Type domain.Ride is not enhanced.

[2025-05-16 03:48:12 #4 type] 
Type domain.Room is not enhanced.

[2025-05-16 03:48:12 #5 type] 
Type domain.Activity is not enhanced.

[2025-05-16 03:48:12 #6 type] 
Type domain.Session is not enhanced.

[2025-05-16 03:48:12 #7 type] 
Type domain.Booking is not enhanced.

[2025-05-16 03:48:12 #8 type] 
Type domain.Bill is not enhanced.

[2025-05-16 03:48:12 #9 type] 
Type domain.Payment is not enhanced.

------------------------------------------------------------------------------------------------------------------------

[2025-05-16 03:51:01 #1 store] 
Database 'C:\Users\jonru\Desktop\IS1\Rides24-master\src\main\resources\rides.odb' is opened by 9316@DESKTOP-58SPJ4J

[2025-05-16 03:51:01 #2 type] 
Type domain.User is not enhanced.

[2025-05-16 03:51:01 #3 type] 
Type domain.Ride is not enhanced.

[2025-05-16 03:51:01 #4 type] 
Type domain.Room is not enhanced.

[2025-05-16 03:51:01 #5 type] 
Type domain.Activity is not enhanced.

[2025-05-16 03:51:01 #6 type] 
Type domain.Session is not enhanced.

[2025-05-16 03:51:01 #7 type] 
Type domain.Booking is not enhanced.

[2025-05-16 03:51:01 #8 type] 
Type domain.Bill is not enhanced.

[2025-05-16 03:51:01 #9 type] 
Type domain.Payment is not enhanced.

------------------------------------------------------------------------------------------------------------------------

[2025-05-16 03:53:29 #1 store] 
Database 'C:\Users\jonru\Desktop\IS1\Rides24-master\src\main\resources\rides.odb' has been recovered (tr. 49-50)

[2025-05-16 03:53:29 #2 store] 
Database 'C:\Users\jonru\Desktop\IS1\Rides24-master\src\main\resources\rides.odb' is opened by 12932@DESKTOP-58SPJ4J

[2025-05-16 03:53:29 #3 type] 
Type domain.User is not enhanced.

[2025-05-16 03:53:29 #4 type] 
Type domain.Ride is not enhanced.

[2025-05-16 03:53:29 #5 type] 
Type domain.Room is not enhanced.

[2025-05-16 03:53:29 #6 type] 
Type domain.Activity is not enhanced.

[2025-05-16 03:53:29 #7 type] 
Type domain.Session is not enhanced.

[2025-05-16 03:53:29 #8 type] 
Type domain.Booking is not enhanced.

[2025-05-16 03:53:29 #9 type] 
Type domain.Bill is not enhanced.

[2025-05-16 03:53:29 #10 type] 
Type domain.Payment is not enhanced.

------------------------------------------------------------------------------------------------------------------------

[2025-05-16 11:27:57 #1 store] 
Database 'C:\Users\jonru\Desktop\IS1\Rides24-master\src\main\resources\rides.odb' is opened by 22768@DESKTOP-58SPJ4J

[2025-05-16 11:27:57 #2 type] 
Type domain.User is not enhanced.

[2025-05-16 11:27:57 #3 type] 
Type domain.Ride is not enhanced.

[2025-05-16 11:27:57 #4 type] 
Type domain.Room is not enhanced.

[2025-05-16 11:27:57 #5 type] 
Type domain.Activity is not enhanced.

[2025-05-16 11:27:57 #6 type] 
Type domain.Session is not enhanced.

[2025-05-16 11:27:57 #7 type] 
Type domain.Booking is not enhanced.

[2025-05-16 11:27:57 #8 type] 
Type domain.Bill is not enhanced.

[2025-05-16 11:27:57 #9 type] 
Type domain.Payment is not enhanced.

